Archive member included to satisfy reference by file (symbol)

/home/gfudge/gcc-arm-none-eabi-5_2-2015q4/bin/../lib/gcc/arm-none-eabi/5.2.1/../../../../arm-none-eabi/lib/armv7e-m/fpu/libstdc++.a(del_ops.o)
                              src/driver/ButtonController.o (operator delete(void*, unsigned int))
/home/gfudge/gcc-arm-none-eabi-5_2-2015q4/bin/../lib/gcc/arm-none-eabi/5.2.1/../../../../arm-none-eabi/lib/armv7e-m/fpu/libstdc++.a(new_op.o)
                              src/driver/hook.o (operator new(unsigned int))
/home/gfudge/gcc-arm-none-eabi-5_2-2015q4/bin/../lib/gcc/arm-none-eabi/5.2.1/../../../../arm-none-eabi/lib/armv7e-m/fpu/libstdc++.a(bad_alloc.o)
                              /home/gfudge/gcc-arm-none-eabi-5_2-2015q4/bin/../lib/gcc/arm-none-eabi/5.2.1/../../../../arm-none-eabi/lib/armv7e-m/fpu/libstdc++.a(new_op.o) (std::bad_alloc::~bad_alloc())
/home/gfudge/gcc-arm-none-eabi-5_2-2015q4/bin/../lib/gcc/arm-none-eabi/5.2.1/../../../../arm-none-eabi/lib/armv7e-m/fpu/libstdc++.a(eh_exception.o)
                              /home/gfudge/gcc-arm-none-eabi-5_2-2015q4/bin/../lib/gcc/arm-none-eabi/5.2.1/../../../../arm-none-eabi/lib/armv7e-m/fpu/libstdc++.a(bad_alloc.o) (std::exception::~exception())
/home/gfudge/gcc-arm-none-eabi-5_2-2015q4/bin/../lib/gcc/arm-none-eabi/5.2.1/../../../../arm-none-eabi/lib/armv7e-m/fpu/libstdc++.a(eh_alloc.o)
                              /home/gfudge/gcc-arm-none-eabi-5_2-2015q4/bin/../lib/gcc/arm-none-eabi/5.2.1/../../../../arm-none-eabi/lib/armv7e-m/fpu/libstdc++.a(new_op.o) (__cxa_allocate_exception)
/home/gfudge/gcc-arm-none-eabi-5_2-2015q4/bin/../lib/gcc/arm-none-eabi/5.2.1/../../../../arm-none-eabi/lib/armv7e-m/fpu/libstdc++.a(class_type_info.o)
                              /home/gfudge/gcc-arm-none-eabi-5_2-2015q4/bin/../lib/gcc/arm-none-eabi/5.2.1/../../../../arm-none-eabi/lib/armv7e-m/fpu/libstdc++.a(eh_exception.o) (vtable for __cxxabiv1::__class_type_info)
/home/gfudge/gcc-arm-none-eabi-5_2-2015q4/bin/../lib/gcc/arm-none-eabi/5.2.1/../../../../arm-none-eabi/lib/armv7e-m/fpu/libstdc++.a(pure.o)
                              /home/gfudge/gcc-arm-none-eabi-5_2-2015q4/bin/../lib/gcc/arm-none-eabi/5.2.1/../../../../arm-none-eabi/lib/armv7e-m/fpu/libstdc++.a(eh_exception.o) (__cxa_pure_virtual)
/home/gfudge/gcc-arm-none-eabi-5_2-2015q4/bin/../lib/gcc/arm-none-eabi/5.2.1/../../../../arm-none-eabi/lib/armv7e-m/fpu/libstdc++.a(new_handler.o)
                              /home/gfudge/gcc-arm-none-eabi-5_2-2015q4/bin/../lib/gcc/arm-none-eabi/5.2.1/../../../../arm-none-eabi/lib/armv7e-m/fpu/libstdc++.a(new_op.o) (std::get_new_handler())
/home/gfudge/gcc-arm-none-eabi-5_2-2015q4/bin/../lib/gcc/arm-none-eabi/5.2.1/../../../../arm-none-eabi/lib/armv7e-m/fpu/libstdc++.a(del_op.o)
                              /home/gfudge/gcc-arm-none-eabi-5_2-2015q4/bin/../lib/gcc/arm-none-eabi/5.2.1/../../../../arm-none-eabi/lib/armv7e-m/fpu/libstdc++.a(del_ops.o) (operator delete(void*))
/home/gfudge/gcc-arm-none-eabi-5_2-2015q4/bin/../lib/gcc/arm-none-eabi/5.2.1/../../../../arm-none-eabi/lib/armv7e-m/fpu/libstdc++.a(si_class_type_info.o)
                              /home/gfudge/gcc-arm-none-eabi-5_2-2015q4/bin/../lib/gcc/arm-none-eabi/5.2.1/../../../../arm-none-eabi/lib/armv7e-m/fpu/libstdc++.a(bad_alloc.o) (vtable for __cxxabiv1::__si_class_type_info)
/home/gfudge/gcc-arm-none-eabi-5_2-2015q4/bin/../lib/gcc/arm-none-eabi/5.2.1/../../../../arm-none-eabi/lib/armv7e-m/fpu/libstdc++.a(eh_throw.o)
                              /home/gfudge/gcc-arm-none-eabi-5_2-2015q4/bin/../lib/gcc/arm-none-eabi/5.2.1/../../../../arm-none-eabi/lib/armv7e-m/fpu/libstdc++.a(new_op.o) (__cxa_throw)
/home/gfudge/gcc-arm-none-eabi-5_2-2015q4/bin/../lib/gcc/arm-none-eabi/5.2.1/../../../../arm-none-eabi/lib/armv7e-m/fpu/libstdc++.a(eh_globals.o)
                              /home/gfudge/gcc-arm-none-eabi-5_2-2015q4/bin/../lib/gcc/arm-none-eabi/5.2.1/../../../../arm-none-eabi/lib/armv7e-m/fpu/libstdc++.a(eh_throw.o) (__cxa_get_globals)
/home/gfudge/gcc-arm-none-eabi-5_2-2015q4/bin/../lib/gcc/arm-none-eabi/5.2.1/../../../../arm-none-eabi/lib/armv7e-m/fpu/libstdc++.a(eh_terminate.o)
                              /home/gfudge/gcc-arm-none-eabi-5_2-2015q4/bin/../lib/gcc/arm-none-eabi/5.2.1/../../../../arm-none-eabi/lib/armv7e-m/fpu/libstdc++.a(eh_throw.o) (__cxxabiv1::__terminate(void (*)()))
/home/gfudge/gcc-arm-none-eabi-5_2-2015q4/bin/../lib/gcc/arm-none-eabi/5.2.1/../../../../arm-none-eabi/lib/armv7e-m/fpu/libstdc++.a(tinfo.o)
                              /home/gfudge/gcc-arm-none-eabi-5_2-2015q4/bin/../lib/gcc/arm-none-eabi/5.2.1/../../../../arm-none-eabi/lib/armv7e-m/fpu/libstdc++.a(class_type_info.o) (std::type_info::~type_info())
/home/gfudge/gcc-arm-none-eabi-5_2-2015q4/bin/../lib/gcc/arm-none-eabi/5.2.1/../../../../arm-none-eabi/lib/armv7e-m/fpu/libstdc++.a(eh_arm.o)
[...]
Memory Configuration

Name             Origin             Length             Attributes
FLASH            0x08000000         0x00040000         xr
RAM              0x20000000         0x0000a000         xrw
MEMORY_B1        0x60000000         0x00000000         xr
CCMRAM           0x10000000         0x00002000         rw
*default*        0x00000000         0xffffffff

Linker script and memory map

LOAD /home/gfudge/gcc-arm-none-eabi-5_2-2015q4/bin/../lib/gcc/arm-none-eabi/5.2.1/armv7e-m/fpu/crti.o
LOAD /home/gfudge/gcc-arm-none-eabi-5_2-2015q4/bin/../lib/gcc/arm-none-eabi/5.2.1/armv7e-m/fpu/crtbegin.o
LOAD /home/gfudge/gcc-arm-none-eabi-5_2-2015q4/bin/../lib/gcc/arm-none-eabi/5.2.1/../../../../arm-none-eabi/lib/armv7e-m/fpu/crt0.o
LOAD Libraries/STM32F30x_StdPeriph_Driver/src/stm32f30x_adc.o
LOAD Libraries/STM32F30x_StdPeriph_Driver/src/stm32f30x_can.o
LOAD Libraries/STM32F30x_StdPeriph_Driver/src/stm32f30x_comp.o
LOAD Libraries/STM32F30x_StdPeriph_Driver/src/stm32f30x_crc.o
LOAD Libraries/STM32F30x_StdPeriph_Driver/src/stm32f30x_dac.o
LOAD Libraries/STM32F30x_StdPeriph_Driver/src/stm32f30x_dbgmcu.o
LOAD Libraries/STM32F30x_StdPeriph_Driver/src/stm32f30x_dma.o
LOAD Libraries/STM32F30x_StdPeriph_Driver/src/stm32f30x_exti.o
LOAD Libraries/STM32F30x_StdPeriph_Driver/src/stm32f30x_flash.o
LOAD Libraries/STM32F30x_StdPeriph_Driver/src/stm32f30x_gpio.o
LOAD Libraries/STM32F30x_StdPeriph_Driver/src/stm32f30x_i2c.o
LOAD Libraries/STM32F30x_StdPeriph_Driver/src/stm32f30x_iwdg.o
LOAD Libraries/STM32F30x_StdPeriph_Driver/src/stm32f30x_misc.o
LOAD Libraries/STM32F30x_StdPeriph_Driver/src/stm32f30x_opamp.o
LOAD Libraries/STM32F30x_StdPeriph_Driver/src/stm32f30x_pwr.o
LOAD Libraries/STM32F30x_StdPeriph_Driver/src/stm32f30x_rcc.o
LOAD Libraries/STM32F30x_StdPeriph_Driver/src/stm32f30x_rtc.o
LOAD Libraries/STM32F30x_StdPeriph_Driver/src/stm32f30x_spi.o
LOAD Libraries/STM32F30x_StdPeriph_Driver/src/stm32f30x_syscfg.o
LOAD Libraries/STM32F30x_StdPeriph_Driver/src/stm32f30x_tim.o
LOAD Libraries/STM32F30x_StdPeriph_Driver/src/stm32f30x_usart.o
LOAD Libraries/STM32F30x_StdPeriph_Driver/src/stm32f30x_wwdg.o
LOAD src/common.o
LOAD src/main.o
LOAD src/stm32f3_discovery.o
LOAD src/stm32f3_discovery_l3gd20.o
LOAD src/stm32f3_discovery_lsm303dlhc.o
LOAD src/system_stm32f30x.o
LOAD src/startup_stm32f30x.o
LOAD src/driver/ButtonController.o
LOAD src/driver/BuzzerController.o
LOAD src/driver/DeviceController.o
LOAD src/driver/hook.o
LOAD src/driver/LEDController.o
LOAD src/driver/MotorController.o
LOAD src/driver/SevenSegController.o
LOAD src/driver/Testbench.o
LOAD /home/gfudge/gcc-arm-none-eabi-5_2-2015q4/bin/../lib/gcc/arm-none-eabi/5.2.1/../../../../arm-none-eabi/lib/armv7e-m/fpu/libstdc++.a
LOAD /home/gfudge/gcc-arm-none-eabi-5_2-2015q4/bin/../lib/gcc/arm-none-eabi/5.2.1/../../../../arm-none-eabi/lib/armv7e-m/fpu/libm.a
LOAD /home/gfudge/gcc-arm-none-eabi-5_2-2015q4/bin/../lib/gcc/arm-none-eabi/5.2.1/../../../../arm-none-eabi/lib/armv7e-m/fpu/libc.a
START GROUP
LOAD /home/gfudge/gcc-arm-none-eabi-5_2-2015q4/bin/../lib/gcc/arm-none-eabi/5.2.1/armv7e-m/fpu/libgcc.a
LOAD /home/gfudge/gcc-arm-none-eabi-5_2-2015q4/bin/../lib/gcc/arm-none-eabi/5.2.1/../../../../arm-none-eabi/lib/armv7e-m/fpu/libg.a
LOAD /home/gfudge/gcc-arm-none-eabi-5_2-2015q4/bin/../lib/gcc/arm-none-eabi/5.2.1/../../../../arm-none-eabi/lib/armv7e-m/fpu/libc.a
END GROUP
START GROUP
LOAD /home/gfudge/gcc-arm-none-eabi-5_2-2015q4/bin/../lib/gcc/arm-none-eabi/5.2.1/armv7e-m/fpu/libgcc.a
LOAD /home/gfudge/gcc-arm-none-eabi-5_2-2015q4/bin/../lib/gcc/arm-none-eabi/5.2.1/../../../../arm-none-eabi/lib/armv7e-m/fpu/libc.a
LOAD /home/gfudge/gcc-arm-none-eabi-5_2-2015q4/bin/../lib/gcc/arm-none-eabi/5.2.1/../../../../arm-none-eabi/lib/armv7e-m/fpu/libnosys.a
END GROUP
LOAD /home/gfudge/gcc-arm-none-eabi-5_2-2015q4/bin/../lib/gcc/arm-none-eabi/5.2.1/armv7e-m/fpu/crtend.o
LOAD /home/gfudge/gcc-arm-none-eabi-5_2-2015q4/bin/../lib/gcc/arm-none-eabi/5.2.1/armv7e-m/fpu/crtn.o
                0x2000a000                _estack = 0x2000a000
                0x00000000                _Min_Heap_Size = 0x0
                0x00000200                _Min_Stack_Size = 0x200

.isr_vector     0x08000000      0x188
                0x08000000                . = ALIGN (0x4)
 *(.isr_vector)
 .isr_vector    0x08000000      0x188 src/startup_stm32f30x.o
                0x08000000                g_pfnVectors
                0x08000188                . = ALIGN (0x4)

.text           0x080001c0    0x119f8
                0x080001c0                . = ALIGN (0x4)
 *(.text)
 .text          0x080001c0       0xa4 /home/gfudge/gcc-arm-none-eabi-5_2-2015q4/bin/../lib/gcc/arm-none-eabi/5.2.1/armv7e-m/fpu/crtbegin.o
 .text          0x08000264     0x8284 /home/gfudge/gcc-arm-none-eabi-5_2-2015q4/bin/../lib/gcc/arm-none-eabi/5.2.1/../../../../arm-none-eabi/lib/armv7e-m/fpu/libstdc++.a(cp-demangle.o)
                0x08008408                __cxa_demangle
                0x080084c4                __gcclibcxx_demangle_callback
 *fill*         0x080084e8        0x8 
 .text          0x080084f0       0xa0 /home/gfudge/gcc-arm-none-eabi-5_2-2015q4/bin/../lib/gcc/arm-none-eabi/5.2.1/../../../../arm-none-eabi/lib/armv7e-m/fpu/libc.a(lib_a-memchr.o)
                0x080084f0                memchr
 .text          0x08008590      0x134 /home/gfudge/gcc-arm-none-eabi-5_2-2015q4/bin/../lib/gcc/arm-none-eabi/5.2.1/../../../../arm-none-eabi/lib/armv7e-m/fpu/libc.a(lib_a-memcpy.o)
                0x08008590                memcpy
 *fill*         0x080086c4       0x1c 
 .text          0x080086e0      0x2dc /home/gfudge/gcc-arm-none-eabi-5_2-2015q4/bin/../lib/gcc/arm-none-eabi/5.2.1/../../../../arm-none-eabi/lib/armv7e-m/fpu/libc.a(lib_a-strcmp.o)
                0x080086e8                strcmp
 *fill*         0x080089bc        0x4 
 .text          0x080089c0       0xdc /home/gfudge/gcc-arm-none-eabi-5_2-2015q4/bin/../lib/gcc/arm-none-eabi/5.2.1/../../../../arm-none-eabi/lib/armv7e-m/fpu/libc.a(lib_a-strlen.o)
                0x080089c0                strlen
 .text          0x08008a9c      0x370 /home/gfudge/gcc-arm-none-eabi-5_2-2015q4/bin/../lib/gcc/arm-none-eabi/5.2.1/armv7e-m/fpu/libgcc.a(_arm_addsubdf3.o)
                0x08008a9c                __aeabi_drsub
                0x08008aa4                __aeabi_dsub
                0x08008aa4                __subdf3
                0x08008aa8                __adddf3
                0x08008aa8                __aeabi_dadd
                0x08008d20                __aeabi_ui2d
                0x08008d20                __floatunsidf
                0x08008d40                __floatsidf
                0x08008d40                __aeabi_i2d
                0x08008d64                __extendsfdf2
                0x08008d64                __aeabi_f2d
                0x08008da0                __aeabi_ul2d
                0x08008da0                __floatundidf
                0x08008db0                __floatdidf
                0x08008db0                __aeabi_l2d
 .text          0x08008e0c      0x424 /home/gfudge/gcc-arm-none-eabi-5_2-2015q4/bin/../lib/gcc/arm-none-eabi/5.2.1/armv7e-m/fpu/libgcc.a(_arm_muldivdf3.o)
                0x08008e0c                __aeabi_dmul
                0x08008e0c                __muldf3
                0x08009060                __aeabi_ddiv
                0x08009060                __divdf3
 .text          0x08009230      0x110 /home/gfudge/gcc-arm-none-eabi-5_2-2015q4/bin/../lib/gcc/arm-none-eabi/5.2.1/armv7e-m/fpu/libgcc.a(_arm_cmpdf2.o)
                0x08009230                __gtdf2
                0x08009230                __gedf2
                0x08009238                __ltdf2
                0x08009238                __ledf2
                0x08009240                __cmpdf2
                0x08009240                __eqdf2
                0x08009240                __nedf2
                0x080092bc                __aeabi_cdrcmple
                0x080092cc                __aeabi_cdcmple
                0x080092cc                __aeabi_cdcmpeq
                0x080092dc                __aeabi_dcmpeq
                0x080092f0                __aeabi_dcmplt
                0x08009304                __aeabi_dcmple
                0x08009318                __aeabi_dcmpge
                0x0800932c                __aeabi_dcmpgt
 .text          0x08009340       0x50 /home/gfudge/gcc-arm-none-eabi-5_2-2015q4/bin/../lib/gcc/arm-none-eabi/5.2.1/armv7e-m/fpu/libgcc.a(_arm_fixdfsi.o)
                0x08009340                __fixdfsi
                0x08009340                __aeabi_d2iz
 .text          0x08009390       0x30 /home/gfudge/gcc-arm-none-eabi-5_2-2015q4/bin/../lib/gcc/arm-none-eabi/5.2.1/armv7e-m/fpu/libgcc.a(_aeabi_uldivmod.o)
                0x08009390                __aeabi_uldivmod
 .text          0x080093c0      0x2e4 /home/gfudge/gcc-arm-none-eabi-5_2-2015q4/bin/../lib/gcc/arm-none-eabi/5.2.1/armv7e-m/fpu/libgcc.a(_udivmoddi4.o)
                0x080093c0                __udivmoddi4
 .text          0x080096a4      0x9dc /home/gfudge/gcc-arm-none-eabi-5_2-2015q4/bin/../lib/gcc/arm-none-eabi/5.2.1/armv7e-m/fpu/libgcc.a(unwind-arm.o)
                0x08009960                _Unwind_GetCFA
                0x08009964                __gnu_Unwind_RaiseException
                0x080099c4                __gnu_Unwind_ForcedUnwind
                0x080099d8                __gnu_Unwind_Resume
                0x08009a1c                __gnu_Unwind_Resume_or_Rethrow
                0x08009a2c                _Unwind_Complete
                0x08009a30                _Unwind_DeleteException
                0x08009a3c                _Unwind_VRS_Get
                0x08009a88                _Unwind_VRS_Set
                0x08009ad8                __gnu_Unwind_Backtrace
                0x08009e24                __aeabi_unwind_cpp_pr0
                0x08009e28                __aeabi_unwind_cpp_pr1
                0x08009e2c                __aeabi_unwind_cpp_pr2
                0x08009e30                _Unwind_VRS_Pop
 .text          0x0800a080      0x1ac /home/gfudge/gcc-arm-none-eabi-5_2-2015q4/bin/../lib/gcc/arm-none-eabi/5.2.1/armv7e-m/fpu/libgcc.a(libunwind.o)
                0x0800a080                __restore_core_regs
                0x0800a080                restore_core_regs
                0x0800a098                __gnu_Unwind_Restore_VFP
                0x0800a0a0                __gnu_Unwind_Save_VFP
                0x0800a0a8                __gnu_Unwind_Restore_VFP_D
                0x0800a0b0                __gnu_Unwind_Save_VFP_D
                0x0800a0b8                __gnu_Unwind_Restore_VFP_D_16_to_31
                0x0800a0c0                __gnu_Unwind_Save_VFP_D_16_to_31
                0x0800a0c8                __gnu_Unwind_Restore_WMMXD
                0x0800a10c                __gnu_Unwind_Save_WMMXD
                0x0800a150                __gnu_Unwind_Restore_WMMXC
                0x0800a164                __gnu_Unwind_Save_WMMXC
                0x0800a178                ___Unwind_RaiseException
                0x0800a178                _Unwind_RaiseException
                0x0800a19c                ___Unwind_Resume
                0x0800a19c                _Unwind_Resume
                0x0800a1c0                _Unwind_Resume_or_Rethrow
                0x0800a1c0                ___Unwind_Resume_or_Rethrow
                0x0800a1e4                ___Unwind_ForcedUnwind
                0x0800a1e4                _Unwind_ForcedUnwind
                0x0800a208                _Unwind_Backtrace
                0x0800a208                ___Unwind_Backtrace
 .text          0x0800a22c      0x354 /home/gfudge/gcc-arm-none-eabi-5_2-2015q4/bin/../lib/gcc/arm-none-eabi/5.2.1/armv7e-m/fpu/libgcc.a(pr-support.o)
                0x0800a284                __gnu_unwind_execute
                0x0800a528                __gnu_unwind_frame
                0x0800a550                _Unwind_GetRegionStart
                0x0800a55c                _Unwind_GetLanguageSpecificData
                0x0800a570                _Unwind_GetTextRelBase
                0x0800a578                _Unwind_GetDataRelBase
 .text          0x0800a580        0x4 /home/gfudge/gcc-arm-none-eabi-5_2-2015q4/bin/../lib/gcc/arm-none-eabi/5.2.1/armv7e-m/fpu/libgcc.a(_dvmd_tls.o)
                0x0800a580                __aeabi_ldiv0
                0x0800a580                __aeabi_idiv0
 *(.text*)
 .text.GPIO_Init
                0x0800a584       0x94 Libraries/STM32F30x_StdPeriph_Driver/src/stm32f30x_gpio.o
                0x0800a584                GPIO_Init
 .text.GPIO_ReadInputDataBit
                0x0800a618       0x10 Libraries/STM32F30x_StdPeriph_Driver/src/stm32f30x_gpio.o
                0x0800a618                GPIO_ReadInputDataBit
 .text.RCC_AHBPeriphClockCmd
                0x0800a628       0x1c Libraries/STM32F30x_StdPeriph_Driver/src/stm32f30x_rcc.o
                0x0800a628                RCC_AHBPeriphClockCmd
 .text.SysTick_Handler
                0x0800a644       0x14 src/common.o
                0x0800a644                SysTick_Handler
 .text._Z9_delay_msm
                0x0800a658       0x24 src/common.o
                0x0800a658                _delay_ms(unsigned long)
 .text.main     0x0800a67c       0xbc src/main.o
                0x0800a67c                main
 .text.STM_EVAL_LEDInit
                0x0800a738       0x4c src/stm32f3_discovery.o
                0x0800a738                STM_EVAL_LEDInit
 .text.STM_EVAL_LEDToggle
                0x0800a784       0x20 src/stm32f3_discovery.o
                0x0800a784                STM_EVAL_LEDToggle
 .text._ZL11SetSysClockv
                0x0800a7a4       0xe4 src/system_stm32f30x.o
 .text.SystemInit
                0x0800a888       0x64 src/system_stm32f30x.o
                0x0800a888                SystemInit
 .text.SystemCoreClockUpdate
                0x0800a8ec       0x8c src/system_stm32f30x.o
                0x0800a8ec                SystemCoreClockUpdate
 .text.Reset_Handler
                0x0800a978       0x48 src/startup_stm32f30x.o
                0x0800a978                Reset_Handler
 .text.Default_Handler
                0x0800a9c0        0x2 src/startup_stm32f30x.o
                0x0800a9c0                RTC_Alarm_IRQHandler
                0x0800a9c0                TIM8_TRG_COM_IRQHandler
                0x0800a9c0                TIM8_CC_IRQHandler
                0x0800a9c0                DebugMon_Handler
                0x0800a9c0                TIM1_CC_IRQHandler
                0x0800a9c0                HardFault_Handler
                0x0800a9c0                USB_HP_IRQHandler
                0x0800a9c0                PVD_IRQHandler
                0x0800a9c0                PendSV_Handler
                0x0800a9c0                NMI_Handler
                0x0800a9c0                EXTI3_IRQHandler
                0x0800a9c0                EXTI0_IRQHandler
                0x0800a9c0                I2C2_EV_IRQHandler
                0x0800a9c0                FPU_IRQHandler
                0x0800a9c0                EXTI2_TS_IRQHandler
                0x0800a9c0                TIM1_UP_TIM16_IRQHandler
                0x0800a9c0                UsageFault_Handler
                0x0800a9c0                ADC1_2_IRQHandler
                0x0800a9c0                SPI1_IRQHandler
                0x0800a9c0                TIM6_DAC_IRQHandler
                0x0800a9c0                TIM8_UP_IRQHandler
                0x0800a9c0                DMA2_Channel2_IRQHandler
                0x0800a9c0                DMA1_Channel4_IRQHandler
                0x0800a9c0                USART3_IRQHandler
                0x0800a9c0                DMA1_Channel7_IRQHandler
                0x0800a9c0                CAN1_RX1_IRQHandler
                0x0800a9c0                UART5_IRQHandler
                0x0800a9c0                ADC3_IRQHandler
                0x0800a9c0                TIM4_IRQHandler
                0x0800a9c0                DMA2_Channel1_IRQHandler
                0x0800a9c0                I2C1_EV_IRQHandler
                0x0800a9c0                DMA1_Channel6_IRQHandler
                0x0800a9c0                UART4_IRQHandler
                0x0800a9c0                DMA2_Channel4_IRQHandler
                0x0800a9c0                TIM3_IRQHandler
                0x0800a9c0                RCC_IRQHandler
                0x0800a9c0                DMA1_Channel1_IRQHandler
                0x0800a9c0                Default_Handler
                0x0800a9c0                USBWakeUp_RMP_IRQHandler
                0x0800a9c0                EXTI15_10_IRQHandler
                0x0800a9c0                TIM7_IRQHandler
                0x0800a9c0                EXTI9_5_IRQHandler
                0x0800a9c0                TAMPER_STAMP_IRQHandler
                0x0800a9c0                RTC_WKUP_IRQHandler
                0x0800a9c0                SPI2_IRQHandler
                0x0800a9c0                MemManage_Handler
                0x0800a9c0                SVC_Handler
                0x0800a9c0                DMA2_Channel5_IRQHandler
                0x0800a9c0                DMA1_Channel5_IRQHandler
                0x0800a9c0                USB_LP_IRQHandler
                0x0800a9c0                EXTI4_IRQHandler
                0x0800a9c0                USB_LP_CAN1_RX0_IRQHandler
                0x0800a9c0                TIM1_TRG_COM_TIM17_IRQHandler
                0x0800a9c0                USB_HP_CAN1_TX_IRQHandler
                0x0800a9c0                DMA1_Channel3_IRQHandler
                0x0800a9c0                ADC4_IRQHandler
                0x0800a9c0                WWDG_IRQHandler
                0x0800a9c0                TIM2_IRQHandler
                0x0800a9c0                COMP7_IRQHandler
                0x0800a9c0                COMP1_2_3_IRQHandler
                0x0800a9c0                EXTI1_IRQHandler
                0x0800a9c0                USART2_IRQHandler
                0x0800a9c0                COMP4_5_6_IRQHandler
                0x0800a9c0                I2C2_ER_IRQHandler
                0x0800a9c0                DMA1_Channel2_IRQHandler
                0x0800a9c0                TIM8_BRK_IRQHandler
                0x0800a9c0                CAN1_SCE_IRQHandler
                0x0800a9c0                FLASH_IRQHandler
                0x0800a9c0                BusFault_Handler
                0x0800a9c0                USART1_IRQHandler
                0x0800a9c0                SPI3_IRQHandler
                0x0800a9c0                I2C1_ER_IRQHandler
                0x0800a9c0                USBWakeUp_IRQHandler
                0x0800a9c0                DMA2_Channel3_IRQHandler
                0x0800a9c0                TIM1_BRK_TIM15_IRQHandler
 *fill*         0x0800a9c2        0x2 
 .text._ZN16ButtonControllerD2Ev
                0x0800a9c4       0x14 src/driver/ButtonController.o
                0x0800a9c4                ButtonController::~ButtonController()
                0x0800a9c4                ButtonController::~ButtonController()
 .text._ZN16ButtonControllerD0Ev
                0x0800a9d8       0x14 src/driver/ButtonController.o
                0x0800a9d8                ButtonController::~ButtonController()
 .text._ZN16ButtonControllerC2Ev
                0x0800a9ec       0x40 src/driver/ButtonController.o
                0x0800a9ec                ButtonController::ButtonController()
                0x0800a9ec                ButtonController::ButtonController()
 .text._ZN16ButtonController15getButtonAcceptEv
                0x0800aa2c       0x14 src/driver/ButtonController.o
                0x0800aa2c                ButtonController::getButtonAccept()
 .text._ZN16BuzzerControllerD2Ev
                0x0800aa40       0x14 src/driver/BuzzerController.o
                0x0800aa40                BuzzerController::~BuzzerController()
                0x0800aa40                BuzzerController::~BuzzerController()
 .text._ZN16BuzzerControllerD0Ev
                0x0800aa54       0x1c src/driver/BuzzerController.o
                0x0800aa54                BuzzerController::~BuzzerController()
 .text._ZN16BuzzerControllerC2Ev
                0x0800aa70       0x14 src/driver/BuzzerController.o
                0x0800aa70                BuzzerController::BuzzerController()
                0x0800aa70                BuzzerController::BuzzerController()
 .text._ZN16BuzzerController2onEv
                0x0800aa84        0x4 src/driver/BuzzerController.o
                0x0800aa84                BuzzerController::on()
 .text._ZN16BuzzerController3offEv
                0x0800aa88        0x4 src/driver/BuzzerController.o
                0x0800aa88                BuzzerController::off()
 .text._ZN16DeviceControllerD2Ev
                0x0800aa8c        0xc src/driver/DeviceController.o
                0x0800aa8c                DeviceController::~DeviceController()
                0x0800aa8c                DeviceController::~DeviceController()
 .text._ZN16DeviceControllerD0Ev
                0x0800aa98       0x14 src/driver/DeviceController.o
                0x0800aa98                DeviceController::~DeviceController()
 .text._ZN16DeviceControllerC2Ev
                0x0800aaac        0xc src/driver/DeviceController.o
                0x0800aaac                DeviceController::DeviceController()
                0x0800aaac                DeviceController::DeviceController()
 .text._Z8launchtbv
                0x0800aab8       0x18 src/driver/hook.o
                0x0800aab8                launchtb()
 .text._Z4hookv
                0x0800aad0        0x8 src/driver/hook.o
                0x0800aad0                hook()
 .text._ZN13LEDControllerD2Ev
                0x0800aad8       0x14 src/driver/LEDController.o
                0x0800aad8                LEDController::~LEDController()
                0x0800aad8                LEDController::~LEDController()
 .text._ZN13LEDControllerD0Ev
                0x0800aaec       0x14 src/driver/LEDController.o
                0x0800aaec                LEDController::~LEDController()
 .text._ZN13LEDControllerC2Ev
                0x0800ab00       0x14 src/driver/LEDController.o
                0x0800ab00                LEDController::LEDController()
                0x0800ab00                LEDController::LEDController()
 .text._ZN13LEDController2onEv
                0x0800ab14        0x4 src/driver/LEDController.o
                0x0800ab14                LEDController::on()
 .text._ZN13LEDController3offEv
                0x0800ab18        0x4 src/driver/LEDController.o
                0x0800ab18                LEDController::off()
 .text._ZN9TestbenchD2Ev
                0x0800ab1c        0xc src/driver/Testbench.o
                0x0800ab1c                Testbench::~Testbench()
                0x0800ab1c                Testbench::~Testbench()
 .text._ZN9TestbenchD0Ev
                0x0800ab28       0x14 src/driver/Testbench.o
                0x0800ab28                Testbench::~Testbench()
 .text._ZN9TestbenchC2Ev
                0x0800ab3c        0xc src/driver/Testbench.o
                0x0800ab3c                Testbench::Testbench()
                0x0800ab3c                Testbench::Testbench()
 .text._ZN9Testbench13RunBuzzerTestEv
                0x0800ab48       0x28 src/driver/Testbench.o
                0x0800ab48                Testbench::RunBuzzerTest()
 .text._ZN9Testbench13RunButtonTestEv
                0x0800ab70       0x28 src/driver/Testbench.o
                0x0800ab70                Testbench::RunButtonTest()
 .text._ZN9Testbench10RunLEDTestEv
                0x0800ab98       0x28 src/driver/Testbench.o
                0x0800ab98                Testbench::RunLEDTest()
 .text._ZN9Testbench11RunAllTestsEv
                0x0800abc0       0x18 src/driver/Testbench.o
                0x0800abc0                Testbench::RunAllTests()
 .text._ZdlPvj  0x0800abd8        0x4 /home/gfudge/gcc-arm-none-eabi-5_2-2015q4/bin/../lib/gcc/arm-none-eabi/5.2.1/../../../../arm-none-eabi/lib/armv7e-m/fpu/libstdc++.a(del_ops.o)
                0x0800abd8                operator delete(void*, unsigned int)
 .text._Znwj    0x0800abdc       0x3c /home/gfudge/gcc-arm-none-eabi-5_2-2015q4/bin/../lib/gcc/arm-none-eabi/5.2.1/../../../../arm-none-eabi/lib/armv7e-m/fpu/libstdc++.a(new_op.o)
                0x0800abdc                operator new(unsigned int)
 .text._ZNKSt9bad_alloc4whatEv
                0x0800ac18        0x8 /home/gfudge/gcc-arm-none-eabi-5_2-2015q4/bin/../lib/gcc/arm-none-eabi/5.2.1/../../../../arm-none-eabi/lib/armv7e-m/fpu/libstdc++.a(bad_alloc.o)
                0x0800ac18                std::bad_alloc::what() const
 .text._ZNSt9bad_allocD2Ev
                0x0800ac20       0x14 /home/gfudge/gcc-arm-none-eabi-5_2-2015q4/bin/../lib/gcc/arm-none-eabi/5.2.1/../../../../arm-none-eabi/lib/armv7e-m/fpu/libstdc++.a(bad_alloc.o)
                0x0800ac20                std::bad_alloc::~bad_alloc()
                0x0800ac20                std::bad_alloc::~bad_alloc()
 .text._ZNSt9bad_allocD0Ev
                0x0800ac34       0x1c /home/gfudge/gcc-arm-none-eabi-5_2-2015q4/bin/../lib/gcc/arm-none-eabi/5.2.1/../../../../arm-none-eabi/lib/armv7e-m/fpu/libstdc++.a(bad_alloc.o)
                0x0800ac34                std::bad_alloc::~bad_alloc()
 .text._ZNSt9exceptionD2Ev
                0x0800ac50        0x4 /home/gfudge/gcc-arm-none-eabi-5_2-2015q4/bin/../lib/gcc/arm-none-eabi/5.2.1/../../../../arm-none-eabi/lib/armv7e-m/fpu/libstdc++.a(eh_exception.o)
                0x0800ac50                std::exception::~exception()
                0x0800ac50                std::exception::~exception()
 .text._ZNSt13bad_exceptionD2Ev
                0x0800ac54        0x4 /home/gfudge/gcc-arm-none-eabi-5_2-2015q4/bin/../lib/gcc/arm-none-eabi/5.2.1/../../../../arm-none-eabi/lib/armv7e-m/fpu/libstdc++.a(eh_exception.o)
                0x0800ac54                std::bad_exception::~bad_exception()
                0x0800ac54                std::bad_exception::~bad_exception()
 .text._ZNKSt13bad_exception4whatEv
                0x0800ac58        0x8 /home/gfudge/gcc-arm-none-eabi-5_2-2015q4/bin/../lib/gcc/arm-none-eabi/5.2.1/../../../../arm-none-eabi/lib/armv7e-m/fpu/libstdc++.a(eh_exception.o)
                0x0800ac58                std::bad_exception::what() const
 .text._ZNSt13bad_exceptionD0Ev
                0x0800ac60        0xc /home/gfudge/gcc-arm-none-eabi-5_2-2015q4/bin/../lib/gcc/arm-none-eabi/5.2.1/../../../../arm-none-eabi/lib/armv7e-m/fpu/libstdc++.a(eh_exception.o)
                0x0800ac60                std::bad_exception::~bad_exception()
 .text._ZN12_GLOBAL__N_14pool4freeEPv.constprop.4
                0x0800ac6c       0x74 /home/gfudge/gcc-arm-none-eabi-5_2-2015q4/bin/../lib/gcc/arm-none-eabi/5.2.1/../../../../arm-none-eabi/lib/armv7e-m/fpu/libstdc++.a(eh_alloc.o)
 .text._ZN12_GLOBAL__N_14pool8allocateEj.constprop.5
                0x0800ace0       0x64 /home/gfudge/gcc-arm-none-eabi-5_2-2015q4/bin/../lib/gcc/arm-none-eabi/5.2.1/../../../../arm-none-eabi/lib/armv7e-m/fpu/libstdc++.a(eh_alloc.o)
 .text.__cxa_allocate_exception
                0x0800ad44       0x30 /home/gfudge/gcc-arm-none-eabi-5_2-2015q4/bin/../lib/gcc/arm-none-eabi/5.2.1/../../../../arm-none-eabi/lib/armv7e-m/fpu/libstdc++.a(eh_alloc.o)
                0x0800ad44                __cxa_allocate_exception
 .text.__cxa_free_exception
                0x0800ad74       0x20 /home/gfudge/gcc-arm-none-eabi-5_2-2015q4/bin/../lib/gcc/arm-none-eabi/5.2.1/../../../../arm-none-eabi/lib/armv7e-m/fpu/libstdc++.a(eh_alloc.o)
                0x0800ad74                __cxa_free_exception
 .text.startup._GLOBAL__sub_I___cxa_allocate_exception
                0x0800ad94       0x28 /home/gfudge/gcc-arm-none-eabi-5_2-2015q4/bin/../lib/gcc/arm-none-eabi/5.2.1/../../../../arm-none-eabi/lib/armv7e-m/fpu/libstdc++.a(eh_alloc.o)
 .text._ZNK10__cxxabiv117__class_type_info11__do_upcastEPKS0_PPv
                0x0800adbc       0x38 /home/gfudge/gcc-arm-none-eabi-5_2-2015q4/bin/../lib/gcc/arm-none-eabi/5.2.1/../../../../arm-none-eabi/lib/armv7e-m/fpu/libstdc++.a(class_type_info.o)
                0x0800adbc                __cxxabiv1::__class_type_info::__do_upcast(__cxxabiv1::__class_type_info const*, void**) const
 .text._ZNK10__cxxabiv117__class_type_info20__do_find_public_srcEiPKvPKS0_S2_
                0x0800adf4        0xc /home/gfudge/gcc-arm-none-eabi-5_2-2015q4/bin/../lib/gcc/arm-none-eabi/5.2.1/../../../../arm-none-eabi/lib/armv7e-m/fpu/libstdc++.a(class_type_info.o)
                0x0800adf4                __cxxabiv1::__class_type_info::__do_find_public_src(int, void const*, __cxxabiv1::__class_type_info const*, void const*) const
 .text._ZN10__cxxabiv117__class_type_infoD2Ev
                0x0800ae00       0x14 /home/gfudge/gcc-arm-none-eabi-5_2-2015q4/bin/../lib/gcc/arm-none-eabi/5.2.1/../../../../arm-none-eabi/lib/armv7e-m/fpu/libstdc++.a(class_type_info.o)
                0x0800ae00                __cxxabiv1::__class_type_info::~__class_type_info()
                0x0800ae00                __cxxabiv1::__class_type_info::~__class_type_info()
 .text._ZN10__cxxabiv117__class_type_infoD0Ev
                0x0800ae14       0x1c /home/gfudge/gcc-arm-none-eabi-5_2-2015q4/bin/../lib/gcc/arm-none-eabi/5.2.1/../../../../arm-none-eabi/lib/armv7e-m/fpu/libstdc++.a(class_type_info.o)
                0x0800ae14                __cxxabiv1::__class_type_info::~__class_type_info()
 .text._ZNK10__cxxabiv117__class_type_info11__do_upcastEPKS0_PKvRNS0_15__upcast_resultE
                0x0800ae30       0x18 /home/gfudge/gcc-arm-none-eabi-5_2-2015q4/bin/../lib/gcc/arm-none-eabi/5.2.1/../../../../arm-none-eabi/lib/armv7e-m/fpu/libstdc++.a(class_type_info.o)
                0x0800ae30                __cxxabiv1::__class_type_info::__do_upcast(__cxxabiv1::__class_type_info const*, void const*, __cxxabiv1::__class_type_info::__upcast_result&) const
 .text._ZNK10__cxxabiv117__class_type_info12__do_dyncastEiNS0_10__sub_kindEPKS0_PKvS3_S5_RNS0_16__dyncast_resultE
                0x0800ae48       0x40 /home/gfudge/gcc-arm-none-eabi-5_2-2015q4/bin/../lib/gcc/arm-none-eabi/5.2.1/../../../../arm-none-eabi/lib/armv7e-m/fpu/libstdc++.a(class_type_info.o)
                0x0800ae48                __cxxabiv1::__class_type_info::__do_dyncast(int, __cxxabiv1::__class_type_info::__sub_kind, __cxxabiv1::__class_type_info const*, void const*, __cxxabiv1::__class_type_info const*, void const*, __cxxabiv1::__class_type_info::__dyncast_result&) const
 .text._ZNK10__cxxabiv117__class_type_info10__do_catchEPKSt9type_infoPPvj
                0x0800ae88       0x2c /home/gfudge/gcc-arm-none-eabi-5_2-2015q4/bin/../lib/gcc/arm-none-eabi/5.2.1/../../../../arm-none-eabi/lib/armv7e-m/fpu/libstdc++.a(class_type_info.o)
                0x0800ae88                __cxxabiv1::__class_type_info::__do_catch(std::type_info const*, void**, unsigned int) const
 .text._ZSt15get_new_handlerv
                0x0800aeb4       0x10 /home/gfudge/gcc-arm-none-eabi-5_2-2015q4/bin/../lib/gcc/arm-none-eabi/5.2.1/../../../../arm-none-eabi/lib/armv7e-m/fpu/libstdc++.a(new_handler.o)
                0x0800aeb4                std::get_new_handler()
 .text._ZdlPv   0x0800aec4        0x4 /home/gfudge/gcc-arm-none-eabi-5_2-2015q4/bin/../lib/gcc/arm-none-eabi/5.2.1/../../../../arm-none-eabi/lib/armv7e-m/fpu/libstdc++.a(del_op.o)
                0x0800aec4                operator delete(void*)
 .text._ZN10__cxxabiv120__si_class_type_infoD2Ev
                0x0800aec8       0x14 /home/gfudge/gcc-arm-none-eabi-5_2-2015q4/bin/../lib/gcc/arm-none-eabi/5.2.1/../../../../arm-none-eabi/lib/armv7e-m/fpu/libstdc++.a(si_class_type_info.o)
                0x0800aec8                __cxxabiv1::__si_class_type_info::~__si_class_type_info()
                0x0800aec8                __cxxabiv1::__si_class_type_info::~__si_class_type_info()
 .text._ZN10__cxxabiv120__si_class_type_infoD0Ev
                0x0800aedc       0x1c /home/gfudge/gcc-arm-none-eabi-5_2-2015q4/bin/../lib/gcc/arm-none-eabi/5.2.1/../../../../arm-none-eabi/lib/armv7e-m/fpu/libstdc++.a(si_class_type_info.o)
                0x0800aedc                __cxxabiv1::__si_class_type_info::~__si_class_type_info()
 .text._ZNK10__cxxabiv120__si_class_type_info12__do_dyncastEiNS_17__class_type_info10__sub_kindEPKS1_PKvS4_S6_RNS1_16__dyncast_resultE
                0x0800aef8       0x90 /home/gfudge/gcc-arm-none-eabi-5_2-2015q4/bin/../lib/gcc/arm-none-eabi/5.2.1/../../../../arm-none-eabi/lib/armv7e-m/fpu/libstdc++.a(si_class_type_info.o)
                0x0800aef8                __cxxabiv1::__si_class_type_info::__do_dyncast(int, __cxxabiv1::__class_type_info::__sub_kind, __cxxabiv1::__class_type_info const*, void const*, __cxxabiv1::__class_type_info const*, void const*, __cxxabiv1::__class_type_info::__dyncast_result&) const
 .text._ZNK10__cxxabiv120__si_class_type_info20__do_find_public_srcEiPKvPKNS_17__class_type_infoES2_
                0x0800af88       0x3c /home/gfudge/gcc-arm-none-eabi-5_2-2015q4/bin/../lib/gcc/arm-none-eabi/5.2.1/../../../../arm-none-eabi/lib/armv7e-m/fpu/libstdc++.a(si_class_type_info.o)
                0x0800af88                __cxxabiv1::__si_class_type_info::__do_find_public_src(int, void const*, __cxxabiv1::__class_type_info const*, void const*) const
 .text._ZNK10__cxxabiv120__si_class_type_info11__do_upcastEPKNS_17__class_type_infoEPKvRNS1_15__upcast_resultE
                0x0800afc4       0x2c /home/gfudge/gcc-arm-none-eabi-5_2-2015q4/bin/../lib/gcc/arm-none-eabi/5.2.1/../../../../arm-none-eabi/lib/armv7e-m/fpu/libstdc++.a(si_class_type_info.o)
                0x0800afc4                __cxxabiv1::__si_class_type_info::__do_upcast(__cxxabiv1::__class_type_info const*, void const*, __cxxabiv1::__class_type_info::__upcast_result&) const
 .text._ZL23__gxx_exception_cleanup19_Unwind_Reason_CodeP21_Unwind_Control_Block
                0x0800aff0       0x44 /home/gfudge/gcc-arm-none-eabi-5_2-2015q4/bin/../lib/gcc/arm-none-eabi/5.2.1/../../../../arm-none-eabi/lib/armv7e-m/fpu/libstdc++.a(eh_throw.o)
 .text.__cxa_throw
                0x0800b034       0x7c /home/gfudge/gcc-arm-none-eabi-5_2-2015q4/bin/../lib/gcc/arm-none-eabi/5.2.1/../../../../arm-none-eabi/lib/armv7e-m/fpu/libstdc++.a(eh_throw.o)
                0x0800b034                __cxa_throw
 .text.__cxa_rethrow
                0x0800b0b0       0x70 /home/gfudge/gcc-arm-none-eabi-5_2-2015q4/bin/../lib/gcc/arm-none-eabi/5.2.1/../../../../arm-none-eabi/lib/armv7e-m/fpu/libstdc++.a(eh_throw.o)
                0x0800b0b0                __cxa_rethrow
 .text.__cxa_get_globals_fast
                0x0800b120        0x8 /home/gfudge/gcc-arm-none-eabi-5_2-2015q4/bin/../lib/gcc/arm-none-eabi/5.2.1/../../../../arm-none-eabi/lib/armv7e-m/fpu/libstdc++.a(eh_globals.o)
                0x0800b120                __cxa_get_globals_fast
 .text.__cxa_get_globals
                0x0800b128        0x8 /home/gfudge/gcc-arm-none-eabi-5_2-2015q4/bin/../lib/gcc/arm-none-eabi/5.2.1/../../../../arm-none-eabi/lib/armv7e-m/fpu/libstdc++.a(eh_globals.o)
                0x0800b128                __cxa_get_globals
 .text._ZN10__cxxabiv111__terminateEPFvvE
                0x0800b130       0x28 /home/gfudge/gcc-arm-none-eabi-5_2-2015q4/bin/../lib/gcc/arm-none-eabi/5.2.1/../../../../arm-none-eabi/lib/armv7e-m/fpu/libstdc++.a(eh_terminate.o)
                0x0800b130                __cxxabiv1::__terminate(void (*)())
 .text._ZSt9terminatev
                0x0800b158       0x14 /home/gfudge/gcc-arm-none-eabi-5_2-2015q4/bin/../lib/gcc/arm-none-eabi/5.2.1/../../../../arm-none-eabi/lib/armv7e-m/fpu/libstdc++.a(eh_terminate.o)
                0x0800b158                std::terminate()
 .text._ZN10__cxxabiv112__unexpectedEPFvvE
                0x0800b16c        0x8 /home/gfudge/gcc-arm-none-eabi-5_2-2015q4/bin/../lib/gcc/arm-none-eabi/5.2.1/../../../../arm-none-eabi/lib/armv7e-m/fpu/libstdc++.a(eh_terminate.o)
                0x0800b16c                __cxxabiv1::__unexpected(void (*)())
 .text._ZSt10unexpectedv
                0x0800b174       0x14 /home/gfudge/gcc-arm-none-eabi-5_2-2015q4/bin/../lib/gcc/arm-none-eabi/5.2.1/../../../../arm-none-eabi/lib/armv7e-m/fpu/libstdc++.a(eh_terminate.o)
                0x0800b174                std::unexpected()
 .text._ZSt13get_terminatev
                0x0800b188       0x10 /home/gfudge/gcc-arm-none-eabi-5_2-2015q4/bin/../lib/gcc/arm-none-eabi/5.2.1/../../../../arm-none-eabi/lib/armv7e-m/fpu/libstdc++.a(eh_terminate.o)
                0x0800b188                std::get_terminate()
 .text._ZSt14get_unexpectedv
                0x0800b198       0x10 /home/gfudge/gcc-arm-none-eabi-5_2-2015q4/bin/../lib/gcc/arm-none-eabi/5.2.1/../../../../arm-none-eabi/lib/armv7e-m/fpu/libstdc++.a(eh_terminate.o)
                0x0800b198                std::get_unexpected()
 .text._ZNSt9type_infoD2Ev
                0x0800b1a8        0x4 /home/gfudge/gcc-arm-none-eabi-5_2-2015q4/bin/../lib/gcc/arm-none-eabi/5.2.1/../../../../arm-none-eabi/lib/armv7e-m/fpu/libstdc++.a(tinfo.o)
                0x0800b1a8                std::type_info::~type_info()
                0x0800b1a8                std::type_info::~type_info()
 .text._ZNKSt9type_info15__is_function_pEv
                0x0800b1ac        0x4 /home/gfudge/gcc-arm-none-eabi-5_2-2015q4/bin/../lib/gcc/arm-none-eabi/5.2.1/../../../../arm-none-eabi/lib/armv7e-m/fpu/libstdc++.a(tinfo.o)
                0x0800b1ac                std::type_info::__is_function_p() const
                0x0800b1ac                std::type_info::__is_pointer_p() const
 .text._ZNKSt9type_infoeqERKS_
                0x0800b1b0       0x2c /home/gfudge/gcc-arm-none-eabi-5_2-2015q4/bin/../lib/gcc/arm-none-eabi/5.2.1/../../../../arm-none-eabi/lib/armv7e-m/fpu/libstdc++.a(tinfo.o)
                0x0800b1b0                std::type_info::operator==(std::type_info const&) const
 .text.__cxa_end_cleanup
                0x0800b1dc        0xc /home/gfudge/gcc-arm-none-eabi-5_2-2015q4/bin/../lib/gcc/arm-none-eabi/5.2.1/../../../../arm-none-eabi/lib/armv7e-m/fpu/libstdc++.a(eh_arm.o)
                0x0800b1dc                __cxa_end_cleanup
 .text.__cxa_type_match
                0x0800b1e8       0xb0 /home/gfudge/gcc-arm-none-eabi-5_2-2015q4/bin/../lib/gcc/arm-none-eabi/5.2.1/../../../../arm-none-eabi/lib/armv7e-m/fpu/libstdc++.a(eh_arm.o)
                0x0800b1e8                __cxa_type_match
 .text.__cxa_begin_cleanup
                0x0800b298       0x64 /home/gfudge/gcc-arm-none-eabi-5_2-2015q4/bin/../lib/gcc/arm-none-eabi/5.2.1/../../../../arm-none-eabi/lib/armv7e-m/fpu/libstdc++.a(eh_arm.o)
                0x0800b298                __cxa_begin_cleanup
 .text.__gnu_end_cleanup
                0x0800b2fc       0x70 /home/gfudge/gcc-arm-none-eabi-5_2-2015q4/bin/../lib/gcc/arm-none-eabi/5.2.1/../../../../arm-none-eabi/lib/armv7e-m/fpu/libstdc++.a(eh_arm.o)
                0x0800b2fc                __gnu_end_cleanup
 .text._ZN10__cxxabiv1L24__is_gxx_exception_classEPc
                0x0800b36c       0x3c /home/gfudge/gcc-arm-none-eabi-5_2-2015q4/bin/../lib/gcc/arm-none-eabi/5.2.1/../../../../arm-none-eabi/lib/armv7e-m/fpu/libstdc++.a(eh_call.o)
 .text.__cxa_call_terminate
                0x0800b3a8       0x20 /home/gfudge/gcc-arm-none-eabi-5_2-2015q4/bin/../lib/gcc/arm-none-eabi/5.2.1/../../../../arm-none-eabi/lib/armv7e-m/fpu/libstdc++.a(eh_call.o)
                0x0800b3a8                __cxa_call_terminate
 .text.__cxa_call_unexpected
                0x0800b3c8       0xe8 /home/gfudge/gcc-arm-none-eabi-5_2-2015q4/bin/../lib/gcc/arm-none-eabi/5.2.1/../../../../arm-none-eabi/lib/armv7e-m/fpu/libstdc++.a(eh_call.o)
                0x0800b3c8                __cxa_call_unexpected
 .text.__cxa_begin_catch
                0x0800b4b0       0x8c /home/gfudge/gcc-arm-none-eabi-5_2-2015q4/bin/../lib/gcc/arm-none-eabi/5.2.1/../../../../arm-none-eabi/lib/armv7e-m/fpu/libstdc++.a(eh_catch.o)
                0x0800b4b0                __cxa_begin_catch
 .text.__cxa_end_catch
                0x0800b53c       0x8c /home/gfudge/gcc-arm-none-eabi-5_2-2015q4/bin/../lib/gcc/arm-none-eabi/5.2.1/../../../../arm-none-eabi/lib/armv7e-m/fpu/libstdc++.a(eh_catch.o)
                0x0800b53c                __cxa_end_catch
 .text._ZL28read_encoded_value_with_basehjPKhPj
                0x0800b5c8       0xc0 /home/gfudge/gcc-arm-none-eabi-5_2-2015q4/bin/../lib/gcc/arm-none-eabi/5.2.1/../../../../arm-none-eabi/lib/armv7e-m/fpu/libstdc++.a(eh_personality.o)
 .text._ZL21base_of_encoded_valuehP15_Unwind_Context
                0x0800b688       0x4c /home/gfudge/gcc-arm-none-eabi-5_2-2015q4/bin/../lib/gcc/arm-none-eabi/5.2.1/../../../../arm-none-eabi/lib/armv7e-m/fpu/libstdc++.a(eh_personality.o)
 .text._ZL17parse_lsda_headerP15_Unwind_ContextPKhP16lsda_header_info
                0x0800b6d4       0x98 /home/gfudge/gcc-arm-none-eabi-5_2-2015q4/bin/../lib/gcc/arm-none-eabi/5.2.1/../../../../arm-none-eabi/lib/armv7e-m/fpu/libstdc++.a(eh_personality.o)
 .text.__gxx_personality_v0
                0x0800b76c      0x4b4 /home/gfudge/gcc-arm-none-eabi-5_2-2015q4/bin/../lib/gcc/arm-none-eabi/5.2.1/../../../../arm-none-eabi/lib/armv7e-m/fpu/libstdc++.a(eh_personality.o)
                0x0800b76c                __gxx_personality_v0
 .text._ZN9__gnu_cxx27__verbose_terminate_handlerEv
                0x0800bc20      0x114 /home/gfudge/gcc-arm-none-eabi-5_2-2015q4/bin/../lib/gcc/arm-none-eabi/5.2.1/../../../../arm-none-eabi/lib/armv7e-m/fpu/libstdc++.a(vterminate.o)
                0x0800bc20                __gnu_cxx::__verbose_terminate_handler()
 .text.__cxa_current_exception_type
                0x0800bd34       0x1c /home/gfudge/gcc-arm-none-eabi-5_2-2015q4/bin/../lib/gcc/arm-none-eabi/5.2.1/../../../../arm-none-eabi/lib/armv7e-m/fpu/libstdc++.a(eh_type.o)
                0x0800bd34                __cxa_current_exception_type
 .text.abort    0x0800bd50       0x10 /home/gfudge/gcc-arm-none-eabi-5_2-2015q4/bin/../lib/gcc/arm-none-eabi/5.2.1/../../../../arm-none-eabi/lib/armv7e-m/fpu/libc.a(lib_a-abort.o)
                0x0800bd50                abort
 .text.fputc    0x0800bd60       0x28 /home/gfudge/gcc-arm-none-eabi-5_2-2015q4/bin/../lib/gcc/arm-none-eabi/5.2.1/../../../../arm-none-eabi/lib/armv7e-m/fpu/libc.a(lib_a-fputc.o)
                0x0800bd60                fputc
 .text._fputs_r
                0x0800bd88       0x4c /home/gfudge/gcc-arm-none-eabi-5_2-2015q4/bin/../lib/gcc/arm-none-eabi/5.2.1/../../../../arm-none-eabi/lib/armv7e-m/fpu/libc.a(lib_a-fputs.o)
                0x0800bd88                _fputs_r
 .text.fputs    0x0800bdd4       0x10 /home/gfudge/gcc-arm-none-eabi-5_2-2015q4/bin/../lib/gcc/arm-none-eabi/5.2.1/../../../../arm-none-eabi/lib/armv7e-m/fpu/libc.a(lib_a-fputs.o)
                0x0800bdd4                fputs
 .text.__sfvwrite_r
                0x0800bde4      0x300 /home/gfudge/gcc-arm-none-eabi-5_2-2015q4/bin/../lib/gcc/arm-none-eabi/5.2.1/../../../../arm-none-eabi/lib/armv7e-m/fpu/libc.a(lib_a-fvwrite.o)
                0x0800bde4                __sfvwrite_r
 .text._fwrite_r
                0x0800c0e4       0x64 /home/gfudge/gcc-arm-none-eabi-5_2-2015q4/bin/../lib/gcc/arm-none-eabi/5.2.1/../../../../arm-none-eabi/lib/armv7e-m/fpu/libc.a(lib_a-fwrite.o)
                0x0800c0e4                _fwrite_r
 .text.fwrite   0x0800c148       0x20 /home/gfudge/gcc-arm-none-eabi-5_2-2015q4/bin/../lib/gcc/arm-none-eabi/5.2.1/../../../../arm-none-eabi/lib/armv7e-m/fpu/libc.a(lib_a-fwrite.o)
                0x0800c148                fwrite
 .text.__libc_init_array
                0x0800c168       0x50 /home/gfudge/gcc-arm-none-eabi-5_2-2015q4/bin/../lib/gcc/arm-none-eabi/5.2.1/../../../../arm-none-eabi/lib/armv7e-m/fpu/libc.a(lib_a-init.o)
                0x0800c168                __libc_init_array
 .text.malloc   0x0800c1b8       0x10 /home/gfudge/gcc-arm-none-eabi-5_2-2015q4/bin/../lib/gcc/arm-none-eabi/5.2.1/../../../../arm-none-eabi/lib/armv7e-m/fpu/libc.a(lib_a-malloc.o)
                0x0800c1b8                malloc
 .text.free     0x0800c1c8       0x10 /home/gfudge/gcc-arm-none-eabi-5_2-2015q4/bin/../lib/gcc/arm-none-eabi/5.2.1/../../../../arm-none-eabi/lib/armv7e-m/fpu/libc.a(lib_a-malloc.o)
                0x0800c1c8                free
 .text._malloc_r
                0x0800c1d8      0x570 /home/gfudge/gcc-arm-none-eabi-5_2-2015q4/bin/../lib/gcc/arm-none-eabi/5.2.1/../../../../arm-none-eabi/lib/armv7e-m/fpu/libc.a(lib_a-mallocr.o)
                0x0800c1d8                _malloc_r
 .text.memcmp   0x0800c748       0x64 /home/gfudge/gcc-arm-none-eabi-5_2-2015q4/bin/../lib/gcc/arm-none-eabi/5.2.1/../../../../arm-none-eabi/lib/armv7e-m/fpu/libc.a(lib_a-memcmp.o)
                0x0800c748                memcmp
 .text.memmove  0x0800c7ac       0xc8 /home/gfudge/gcc-arm-none-eabi-5_2-2015q4/bin/../lib/gcc/arm-none-eabi/5.2.1/../../../../arm-none-eabi/lib/armv7e-m/fpu/libc.a(lib_a-memmove.o)
                0x0800c7ac                memmove
 .text.memset   0x0800c874       0x9c /home/gfudge/gcc-arm-none-eabi-5_2-2015q4/bin/../lib/gcc/arm-none-eabi/5.2.1/../../../../arm-none-eabi/lib/armv7e-m/fpu/libc.a(lib_a-memset.o)
                0x0800c874                memset
 .text.__malloc_lock
                0x0800c910        0x4 /home/gfudge/gcc-arm-none-eabi-5_2-2015q4/bin/../lib/gcc/arm-none-eabi/5.2.1/../../../../arm-none-eabi/lib/armv7e-m/fpu/libc.a(lib_a-mlock.o)
                0x0800c910                __malloc_lock
 .text.__malloc_unlock
                0x0800c914        0x4 /home/gfudge/gcc-arm-none-eabi-5_2-2015q4/bin/../lib/gcc/arm-none-eabi/5.2.1/../../../../arm-none-eabi/lib/armv7e-m/fpu/libc.a(lib_a-mlock.o)
                0x0800c914                __malloc_unlock
 .text._putc_r  0x0800c918       0x58 /home/gfudge/gcc-arm-none-eabi-5_2-2015q4/bin/../lib/gcc/arm-none-eabi/5.2.1/../../../../arm-none-eabi/lib/armv7e-m/fpu/libc.a(lib_a-putc.o)
                0x0800c918                _putc_r
 .text.realloc  0x0800c970       0x10 /home/gfudge/gcc-arm-none-eabi-5_2-2015q4/bin/../lib/gcc/arm-none-eabi/5.2.1/../../../../arm-none-eabi/lib/armv7e-m/fpu/libc.a(lib_a-realloc.o)
                0x0800c970                realloc
 .text._realloc_r
                0x0800c980      0x3e0 /home/gfudge/gcc-arm-none-eabi-5_2-2015q4/bin/../lib/gcc/arm-none-eabi/5.2.1/../../../../arm-none-eabi/lib/armv7e-m/fpu/libc.a(lib_a-reallocr.o)
                0x0800c980                _realloc_r
 .text._sbrk_r  0x0800cd60       0x24 /home/gfudge/gcc-arm-none-eabi-5_2-2015q4/bin/../lib/gcc/arm-none-eabi/5.2.1/../../../../arm-none-eabi/lib/armv7e-m/fpu/libc.a(lib_a-sbrkr.o)
                0x0800cd60                _sbrk_r
 .text._raise_r
                0x0800cd84       0x58 /home/gfudge/gcc-arm-none-eabi-5_2-2015q4/bin/../lib/gcc/arm-none-eabi/5.2.1/../../../../arm-none-eabi/lib/armv7e-m/fpu/libc.a(lib_a-signal.o)
                0x0800cd84                _raise_r
 .text.raise    0x0800cddc       0x10 /home/gfudge/gcc-arm-none-eabi-5_2-2015q4/bin/../lib/gcc/arm-none-eabi/5.2.1/../../../../arm-none-eabi/lib/armv7e-m/fpu/libc.a(lib_a-signal.o)
                0x0800cddc                raise
 .text._kill_r  0x0800cdec       0x28 /home/gfudge/gcc-arm-none-eabi-5_2-2015q4/bin/../lib/gcc/arm-none-eabi/5.2.1/../../../../arm-none-eabi/lib/armv7e-m/fpu/libc.a(lib_a-signalr.o)
                0x0800cdec                _kill_r
 .text._getpid_r
                0x0800ce14        0x4 /home/gfudge/gcc-arm-none-eabi-5_2-2015q4/bin/../lib/gcc/arm-none-eabi/5.2.1/../../../../arm-none-eabi/lib/armv7e-m/fpu/libc.a(lib_a-signalr.o)
                0x0800ce14                _getpid_r
 .text.sprintf  0x0800ce18       0x4c /home/gfudge/gcc-arm-none-eabi-5_2-2015q4/bin/../lib/gcc/arm-none-eabi/5.2.1/../../../../arm-none-eabi/lib/armv7e-m/fpu/libc.a(lib_a-sprintf.o)
                0x0800ce18                sprintf
 .text.strncmp  0x0800ce64       0xa0 /home/gfudge/gcc-arm-none-eabi-5_2-2015q4/bin/../lib/gcc/arm-none-eabi/5.2.1/../../../../arm-none-eabi/lib/armv7e-m/fpu/libc.a(lib_a-strncmp.o)
                0x0800ce64                strncmp
 *fill*         0x0800cf04        0x4 
 .text._svfprintf_r
                0x0800cf08     0x169c /home/gfudge/gcc-arm-none-eabi-5_2-2015q4/bin/../lib/gcc/arm-none-eabi/5.2.1/../../../../arm-none-eabi/lib/armv7e-m/fpu/libc.a(lib_a-svfprintf.o)
                0x0800cf08                _svfprintf_r
 .text.__swbuf_r
                0x0800e5a4       0xa8 /home/gfudge/gcc-arm-none-eabi-5_2-2015q4/bin/../lib/gcc/arm-none-eabi/5.2.1/../../../../arm-none-eabi/lib/armv7e-m/fpu/libc.a(lib_a-wbuf.o)
                0x0800e5a4                __swbuf_r
 .text._write_r
                0x0800e64c       0x2c /home/gfudge/gcc-arm-none-eabi-5_2-2015q4/bin/../lib/gcc/arm-none-eabi/5.2.1/../../../../arm-none-eabi/lib/armv7e-m/fpu/libc.a(lib_a-writer.o)
                0x0800e64c                _write_r
 .text.__swsetup_r
                0x0800e678       0xc4 /home/gfudge/gcc-arm-none-eabi-5_2-2015q4/bin/../lib/gcc/arm-none-eabi/5.2.1/../../../../arm-none-eabi/lib/armv7e-m/fpu/libc.a(lib_a-wsetup.o)
                0x0800e678                __swsetup_r
 .text.startup.register_fini
                0x0800e73c       0x14 /home/gfudge/gcc-arm-none-eabi-5_2-2015q4/bin/../lib/gcc/arm-none-eabi/5.2.1/../../../../arm-none-eabi/lib/armv7e-m/fpu/libc.a(lib_a-__call_atexit.o)
 .text.atexit   0x0800e750        0xc /home/gfudge/gcc-arm-none-eabi-5_2-2015q4/bin/../lib/gcc/arm-none-eabi/5.2.1/../../../../arm-none-eabi/lib/armv7e-m/fpu/libc.a(lib_a-atexit.o)
                0x0800e750                atexit
 .text.quorem   0x0800e75c      0x128 /home/gfudge/gcc-arm-none-eabi-5_2-2015q4/bin/../lib/gcc/arm-none-eabi/5.2.1/../../../../arm-none-eabi/lib/armv7e-m/fpu/libc.a(lib_a-dtoa.o)
 *fill*         0x0800e884        0x4 
 .text._dtoa_r  0x0800e888      0xe34 /home/gfudge/gcc-arm-none-eabi-5_2-2015q4/bin/../lib/gcc/arm-none-eabi/5.2.1/../../../../arm-none-eabi/lib/armv7e-m/fpu/libc.a(lib_a-dtoa.o)
                0x0800e888                _dtoa_r
 .text.__sflush_r
                0x0800f6bc      0x148 /home/gfudge/gcc-arm-none-eabi-5_2-2015q4/bin/../lib/gcc/arm-none-eabi/5.2.1/../../../../arm-none-eabi/lib/armv7e-m/fpu/libc.a(lib_a-fflush.o)
                0x0800f6bc                __sflush_r
 .text._fflush_r
                0x0800f804       0x2c /home/gfudge/gcc-arm-none-eabi-5_2-2015q4/bin/../lib/gcc/arm-none-eabi/5.2.1/../../../../arm-none-eabi/lib/armv7e-m/fpu/libc.a(lib_a-fflush.o)
                0x0800f804                _fflush_r
 .text._cleanup_r
                0x0800f830        0xc /home/gfudge/gcc-arm-none-eabi-5_2-2015q4/bin/../lib/gcc/arm-none-eabi/5.2.1/../../../../arm-none-eabi/lib/armv7e-m/fpu/libc.a(lib_a-findfp.o)
                0x0800f830                _cleanup_r
 .text.__sinit.part.1
                0x0800f83c       0xf0 /home/gfudge/gcc-arm-none-eabi-5_2-2015q4/bin/../lib/gcc/arm-none-eabi/5.2.1/../../../../arm-none-eabi/lib/armv7e-m/fpu/libc.a(lib_a-findfp.o)
 .text.__sinit  0x0800f92c        0xc /home/gfudge/gcc-arm-none-eabi-5_2-2015q4/bin/../lib/gcc/arm-none-eabi/5.2.1/../../../../arm-none-eabi/lib/armv7e-m/fpu/libc.a(lib_a-findfp.o)
                0x0800f92c                __sinit
 .text.__sfp_lock_acquire
                0x0800f938        0x4 /home/gfudge/gcc-arm-none-eabi-5_2-2015q4/bin/../lib/gcc/arm-none-eabi/5.2.1/../../../../arm-none-eabi/lib/armv7e-m/fpu/libc.a(lib_a-findfp.o)
                0x0800f938                __sfp_lock_acquire
 .text.__sfp_lock_release
                0x0800f93c        0x4 /home/gfudge/gcc-arm-none-eabi-5_2-2015q4/bin/../lib/gcc/arm-none-eabi/5.2.1/../../../../arm-none-eabi/lib/armv7e-m/fpu/libc.a(lib_a-findfp.o)
                0x0800f93c                __sfp_lock_release
 .text.__libc_fini_array
                0x0800f940       0x28 /home/gfudge/gcc-arm-none-eabi-5_2-2015q4/bin/../lib/gcc/arm-none-eabi/5.2.1/../../../../arm-none-eabi/lib/armv7e-m/fpu/libc.a(lib_a-fini.o)
                0x0800f940                __libc_fini_array
 .text._malloc_trim_r
                0x0800f968       0x9c /home/gfudge/gcc-arm-none-eabi-5_2-2015q4/bin/../lib/gcc/arm-none-eabi/5.2.1/../../../../arm-none-eabi/lib/armv7e-m/fpu/libc.a(lib_a-freer.o)
                0x0800f968                _malloc_trim_r
 .text._free_r  0x0800fa04      0x1d0 /home/gfudge/gcc-arm-none-eabi-5_2-2015q4/bin/../lib/gcc/arm-none-eabi/5.2.1/../../../../arm-none-eabi/lib/armv7e-m/fpu/libc.a(lib_a-freer.o)
                0x0800fa04                _free_r
 .text._fwalk_reent
                0x0800fbd4       0x54 /home/gfudge/gcc-arm-none-eabi-5_2-2015q4/bin/../lib/gcc/arm-none-eabi/5.2.1/../../../../arm-none-eabi/lib/armv7e-m/fpu/libc.a(lib_a-fwalk.o)
                0x0800fbd4                _fwalk_reent
 .text._localeconv_r
                0x0800fc28        0x8 /home/gfudge/gcc-arm-none-eabi-5_2-2015q4/bin/../lib/gcc/arm-none-eabi/5.2.1/../../../../arm-none-eabi/lib/armv7e-m/fpu/libc.a(lib_a-locale.o)
                0x0800fc28                _localeconv_r
 .text.__smakebuf_r
                0x0800fc30       0xe0 /home/gfudge/gcc-arm-none-eabi-5_2-2015q4/bin/../lib/gcc/arm-none-eabi/5.2.1/../../../../arm-none-eabi/lib/armv7e-m/fpu/libc.a(lib_a-makebuf.o)
                0x0800fc30                __smakebuf_r
 .text._Balloc  0x0800fd10       0x4c /home/gfudge/gcc-arm-none-eabi-5_2-2015q4/bin/../lib/gcc/arm-none-eabi/5.2.1/../../../../arm-none-eabi/lib/armv7e-m/fpu/libc.a(lib_a-mprec.o)
                0x0800fd10                _Balloc
 .text._Bfree   0x0800fd5c       0x14 /home/gfudge/gcc-arm-none-eabi-5_2-2015q4/bin/../lib/gcc/arm-none-eabi/5.2.1/../../../../arm-none-eabi/lib/armv7e-m/fpu/libc.a(lib_a-mprec.o)
                0x0800fd5c                _Bfree
 .text.__multadd
                0x0800fd70       0x80 /home/gfudge/gcc-arm-none-eabi-5_2-2015q4/bin/../lib/gcc/arm-none-eabi/5.2.1/../../../../arm-none-eabi/lib/armv7e-m/fpu/libc.a(lib_a-mprec.o)
                0x0800fd70                __multadd
 .text.__hi0bits
                0x0800fdf0       0x40 /home/gfudge/gcc-arm-none-eabi-5_2-2015q4/bin/../lib/gcc/arm-none-eabi/5.2.1/../../../../arm-none-eabi/lib/armv7e-m/fpu/libc.a(lib_a-mprec.o)
                0x0800fdf0                __hi0bits
 .text.__lo0bits
                0x0800fe30       0x5c /home/gfudge/gcc-arm-none-eabi-5_2-2015q4/bin/../lib/gcc/arm-none-eabi/5.2.1/../../../../arm-none-eabi/lib/armv7e-m/fpu/libc.a(lib_a-mprec.o)
                0x0800fe30                __lo0bits
 .text.__i2b    0x0800fe8c       0x14 /home/gfudge/gcc-arm-none-eabi-5_2-2015q4/bin/../lib/gcc/arm-none-eabi/5.2.1/../../../../arm-none-eabi/lib/armv7e-m/fpu/libc.a(lib_a-mprec.o)
                0x0800fe8c                __i2b
 .text.__multiply
                0x0800fea0      0x130 /home/gfudge/gcc-arm-none-eabi-5_2-2015q4/bin/../lib/gcc/arm-none-eabi/5.2.1/../../../../arm-none-eabi/lib/armv7e-m/fpu/libc.a(lib_a-mprec.o)
                0x0800fea0                __multiply
 .text.__pow5mult
                0x0800ffd0       0xa0 /home/gfudge/gcc-arm-none-eabi-5_2-2015q4/bin/../lib/gcc/arm-none-eabi/5.2.1/../../../../arm-none-eabi/lib/armv7e-m/fpu/libc.a(lib_a-mprec.o)
                0x0800ffd0                __pow5mult
 .text.__lshift
                0x08010070       0xb0 /home/gfudge/gcc-arm-none-eabi-5_2-2015q4/bin/../lib/gcc/arm-none-eabi/5.2.1/../../../../arm-none-eabi/lib/armv7e-m/fpu/libc.a(lib_a-mprec.o)
                0x08010070                __lshift
 .text.__mcmp   0x08010120       0x44 /home/gfudge/gcc-arm-none-eabi-5_2-2015q4/bin/../lib/gcc/arm-none-eabi/5.2.1/../../../../arm-none-eabi/lib/armv7e-m/fpu/libc.a(lib_a-mprec.o)
                0x08010120                __mcmp
 .text.__mdiff  0x08010164      0x114 /home/gfudge/gcc-arm-none-eabi-5_2-2015q4/bin/../lib/gcc/arm-none-eabi/5.2.1/../../../../arm-none-eabi/lib/armv7e-m/fpu/libc.a(lib_a-mprec.o)
                0x08010164                __mdiff
 .text.__d2b    0x08010278       0xbc /home/gfudge/gcc-arm-none-eabi-5_2-2015q4/bin/../lib/gcc/arm-none-eabi/5.2.1/../../../../arm-none-eabi/lib/armv7e-m/fpu/libc.a(lib_a-mprec.o)
                0x08010278                __d2b
 .text.__fpclassifyd
                0x08010334       0x5c /home/gfudge/gcc-arm-none-eabi-5_2-2015q4/bin/../lib/gcc/arm-none-eabi/5.2.1/../../../../arm-none-eabi/lib/armv7e-m/fpu/libc.a(lib_a-s_fpclassify.o)
                0x08010334                __fpclassifyd
 .text.__sread  0x08010390       0x24 /home/gfudge/gcc-arm-none-eabi-5_2-2015q4/bin/../lib/gcc/arm-none-eabi/5.2.1/../../../../arm-none-eabi/lib/armv7e-m/fpu/libc.a(lib_a-stdio.o)
                0x08010390                __sread
 .text.__swrite
                0x080103b4       0x38 /home/gfudge/gcc-arm-none-eabi-5_2-2015q4/bin/../lib/gcc/arm-none-eabi/5.2.1/../../../../arm-none-eabi/lib/armv7e-m/fpu/libc.a(lib_a-stdio.o)
                0x080103b4                __swrite
 .text.__sseek  0x080103ec       0x20 /home/gfudge/gcc-arm-none-eabi-5_2-2015q4/bin/../lib/gcc/arm-none-eabi/5.2.1/../../../../arm-none-eabi/lib/armv7e-m/fpu/libc.a(lib_a-stdio.o)
                0x080103ec                __sseek
 .text.__sclose
                0x0801040c        0x8 /home/gfudge/gcc-arm-none-eabi-5_2-2015q4/bin/../lib/gcc/arm-none-eabi/5.2.1/../../../../arm-none-eabi/lib/armv7e-m/fpu/libc.a(lib_a-stdio.o)
                0x0801040c                __sclose
 .text.__ssprint_r
                0x08010414      0x100 /home/gfudge/gcc-arm-none-eabi-5_2-2015q4/bin/../lib/gcc/arm-none-eabi/5.2.1/../../../../arm-none-eabi/lib/armv7e-m/fpu/libc.a(lib_a-svfiprintf.o)
                0x08010414                __ssprint_r
 .text.__register_exitproc
                0x08010514       0xa4 /home/gfudge/gcc-arm-none-eabi-5_2-2015q4/bin/../lib/gcc/arm-none-eabi/5.2.1/../../../../arm-none-eabi/lib/armv7e-m/fpu/libc.a(lib_a-__atexit.o)
                0x08010514                __register_exitproc
 .text._calloc_r
                0x080105b8       0x60 /home/gfudge/gcc-arm-none-eabi-5_2-2015q4/bin/../lib/gcc/arm-none-eabi/5.2.1/../../../../arm-none-eabi/lib/armv7e-m/fpu/libc.a(lib_a-callocr.o)
                0x080105b8                _calloc_r
 .text._close_r
                0x08010618       0x24 /home/gfudge/gcc-arm-none-eabi-5_2-2015q4/bin/../lib/gcc/arm-none-eabi/5.2.1/../../../../arm-none-eabi/lib/armv7e-m/fpu/libc.a(lib_a-closer.o)
                0x08010618                _close_r
 .text._fclose_r
                0x0801063c       0x84 /home/gfudge/gcc-arm-none-eabi-5_2-2015q4/bin/../lib/gcc/arm-none-eabi/5.2.1/../../../../arm-none-eabi/lib/armv7e-m/fpu/libc.a(lib_a-fclose.o)
                0x0801063c                _fclose_r
 .text._fstat_r
                0x080106c0       0x28 /home/gfudge/gcc-arm-none-eabi-5_2-2015q4/bin/../lib/gcc/arm-none-eabi/5.2.1/../../../../arm-none-eabi/lib/armv7e-m/fpu/libc.a(lib_a-fstatr.o)
                0x080106c0                _fstat_r
 .text._isatty_r
                0x080106e8       0x24 /home/gfudge/gcc-arm-none-eabi-5_2-2015q4/bin/../lib/gcc/arm-none-eabi/5.2.1/../../../../arm-none-eabi/lib/armv7e-m/fpu/libc.a(lib_a-isattyr.o)
                0x080106e8                _isatty_r
 .text._lseek_r
                0x0801070c       0x2c /home/gfudge/gcc-arm-none-eabi-5_2-2015q4/bin/../lib/gcc/arm-none-eabi/5.2.1/../../../../arm-none-eabi/lib/armv7e-m/fpu/libc.a(lib_a-lseekr.o)
                0x0801070c                _lseek_r
 .text._read_r  0x08010738       0x2c /home/gfudge/gcc-arm-none-eabi-5_2-2015q4/bin/../lib/gcc/arm-none-eabi/5.2.1/../../../../arm-none-eabi/lib/armv7e-m/fpu/libc.a(lib_a-readr.o)
                0x08010738                _read_r
 .text._close   0x08010764       0x10 /home/gfudge/gcc-arm-none-eabi-5_2-2015q4/bin/../lib/gcc/arm-none-eabi/5.2.1/../../../../arm-none-eabi/lib/armv7e-m/fpu/libnosys.a(close.o)
                0x08010764                _close
 .text._fstat   0x08010774       0x10 /home/gfudge/gcc-arm-none-eabi-5_2-2015q4/bin/../lib/gcc/arm-none-eabi/5.2.1/../../../../arm-none-eabi/lib/armv7e-m/fpu/libnosys.a(fstat.o)
                0x08010774                _fstat
 .text._getpid  0x08010784       0x10 /home/gfudge/gcc-arm-none-eabi-5_2-2015q4/bin/../lib/gcc/arm-none-eabi/5.2.1/../../../../arm-none-eabi/lib/armv7e-m/fpu/libnosys.a(getpid.o)
                0x08010784                _getpid
 .text._isatty  0x08010794       0x10 /home/gfudge/gcc-arm-none-eabi-5_2-2015q4/bin/../lib/gcc/arm-none-eabi/5.2.1/../../../../arm-none-eabi/lib/armv7e-m/fpu/libnosys.a(isatty.o)
                0x08010794                _isatty
 .text._kill    0x080107a4       0x10 /home/gfudge/gcc-arm-none-eabi-5_2-2015q4/bin/../lib/gcc/arm-none-eabi/5.2.1/../../../../arm-none-eabi/lib/armv7e-m/fpu/libnosys.a(kill.o)
                0x080107a4                _kill
 .text._lseek   0x080107b4       0x10 /home/gfudge/gcc-arm-none-eabi-5_2-2015q4/bin/../lib/gcc/arm-none-eabi/5.2.1/../../../../arm-none-eabi/lib/armv7e-m/fpu/libnosys.a(lseek.o)
                0x080107b4                _lseek
 .text._read    0x080107c4       0x10 /home/gfudge/gcc-arm-none-eabi-5_2-2015q4/bin/../lib/gcc/arm-none-eabi/5.2.1/../../../../arm-none-eabi/lib/armv7e-m/fpu/libnosys.a(read.o)
                0x080107c4                _read
 .text._sbrk    0x080107d4       0x1c /home/gfudge/gcc-arm-none-eabi-5_2-2015q4/bin/../lib/gcc/arm-none-eabi/5.2.1/../../../../arm-none-eabi/lib/armv7e-m/fpu/libnosys.a(sbrk.o)
                0x080107d4                _sbrk
 .text._write   0x080107f0       0x10 /home/gfudge/gcc-arm-none-eabi-5_2-2015q4/bin/../lib/gcc/arm-none-eabi/5.2.1/../../../../arm-none-eabi/lib/armv7e-m/fpu/libnosys.a(write.o)
                0x080107f0                _write
 .text._exit    0x08010800        0x4 /home/gfudge/gcc-arm-none-eabi-5_2-2015q4/bin/../lib/gcc/arm-none-eabi/5.2.1/../../../../arm-none-eabi/lib/armv7e-m/fpu/libnosys.a(_exit.o)
                0x08010800                _exit
 *(.rodata)
 .rodata        0x08010804      0x738 /home/gfudge/gcc-arm-none-eabi-5_2-2015q4/bin/../lib/gcc/arm-none-eabi/5.2.1/../../../../arm-none-eabi/lib/armv7e-m/fpu/libstdc++.a(cp-demangle.o)
 *(.rodata*)
 .rodata._ZL8GPIO_CLK
                0x08010f3c       0x20 src/stm32f3_discovery.o
 .rodata._ZL8GPIO_PIN
                0x08010f5c       0x10 src/stm32f3_discovery.o
 .rodata._ZTV16ButtonController
                0x08010f6c       0x10 src/driver/ButtonController.o
                0x08010f6c                vtable for ButtonController
 .rodata._ZTV16BuzzerController
                0x08010f7c       0x10 src/driver/BuzzerController.o
                0x08010f7c                vtable for BuzzerController
 .rodata._ZTV16DeviceController
                0x08010f8c       0x10 src/driver/DeviceController.o
                0x08010f8c                vtable for DeviceController
 .rodata._ZTV13LEDController
                0x08010f9c       0x10 src/driver/LEDController.o
                0x08010f9c                vtable for LEDController
 .rodata._ZTV9Testbench
                0x08010fac       0x10 src/driver/Testbench.o
                0x08010fac                vtable for Testbench
 .rodata._ZTVSt9bad_alloc
                0x08010fbc       0x14 /home/gfudge/gcc-arm-none-eabi-5_2-2015q4/bin/../lib/gcc/arm-none-eabi/5.2.1/../../../../arm-none-eabi/lib/armv7e-m/fpu/libstdc++.a(bad_alloc.o)
                0x08010fbc                vtable for std::bad_alloc
 .rodata._ZTISt9bad_alloc
                0x08010fd0        0xc /home/gfudge/gcc-arm-none-eabi-5_2-2015q4/bin/../lib/gcc/arm-none-eabi/5.2.1/../../../../arm-none-eabi/lib/armv7e-m/fpu/libstdc++.a(bad_alloc.o)
                0x08010fd0                typeinfo for std::bad_alloc
 .rodata.str1.4
                0x08010fdc        0xf /home/gfudge/gcc-arm-none-eabi-5_2-2015q4/bin/../lib/gcc/arm-none-eabi/5.2.1/../../../../arm-none-eabi/lib/armv7e-m/fpu/libstdc++.a(bad_alloc.o)
 *fill*         0x08010feb        0x1 
 .rodata._ZTSSt9bad_alloc
                0x08010fec        0xd /home/gfudge/gcc-arm-none-eabi-5_2-2015q4/bin/../lib/gcc/arm-none-eabi/5.2.1/../../../../arm-none-eabi/lib/armv7e-m/fpu/libstdc++.a(bad_alloc.o)
                0x08010fec                typeinfo name for std::bad_alloc
 *fill*         0x08010ff9        0x3 
 .rodata._ZTSN10__cxxabiv115__forced_unwindE
                0x08010ffc       0x20 /home/gfudge/gcc-arm-none-eabi-5_2-2015q4/bin/../lib/gcc/arm-none-eabi/5.2.1/../../../../arm-none-eabi/lib/armv7e-m/fpu/libstdc++.a(eh_exception.o)
                0x08010ffc                typeinfo name for __cxxabiv1::__forced_unwind
 .rodata._ZTIN10__cxxabiv115__forced_unwindE
                0x0801101c        0x8 /home/gfudge/gcc-arm-none-eabi-5_2-2015q4/bin/../lib/gcc/arm-none-eabi/5.2.1/../../../../arm-none-eabi/lib/armv7e-m/fpu/libstdc++.a(eh_exception.o)
                0x0801101c                typeinfo for __cxxabiv1::__forced_unwind
 .rodata._ZTISt9exception
                0x08011024        0x8 /home/gfudge/gcc-arm-none-eabi-5_2-2015q4/bin/../lib/gcc/arm-none-eabi/5.2.1/../../../../arm-none-eabi/lib/armv7e-m/fpu/libstdc++.a(eh_exception.o)
                0x08011024                typeinfo for std::exception
 .rodata._ZTSN10__cxxabiv119__foreign_exceptionE
                0x0801102c       0x24 /home/gfudge/gcc-arm-none-eabi-5_2-2015q4/bin/../lib/gcc/arm-none-eabi/5.2.1/../../../../arm-none-eabi/lib/armv7e-m/fpu/libstdc++.a(eh_exception.o)
                0x0801102c                typeinfo name for __cxxabiv1::__foreign_exception
 .rodata.str1.4
                0x08011050       0x23 /home/gfudge/gcc-arm-none-eabi-5_2-2015q4/bin/../lib/gcc/arm-none-eabi/5.2.1/../../../../arm-none-eabi/lib/armv7e-m/fpu/libstdc++.a(eh_exception.o)
 *fill*         0x08011073        0x1 
 .rodata._ZTIN10__cxxabiv119__foreign_exceptionE
                0x08011074        0x8 /home/gfudge/gcc-arm-none-eabi-5_2-2015q4/bin/../lib/gcc/arm-none-eabi/5.2.1/../../../../arm-none-eabi/lib/armv7e-m/fpu/libstdc++.a(eh_exception.o)
                0x08011074                typeinfo for __cxxabiv1::__foreign_exception
 .rodata._ZTVSt13bad_exception
                0x0801107c       0x14 /home/gfudge/gcc-arm-none-eabi-5_2-2015q4/bin/../lib/gcc/arm-none-eabi/5.2.1/../../../../arm-none-eabi/lib/armv7e-m/fpu/libstdc++.a(eh_exception.o)
                0x0801107c                vtable for std::bad_exception
 .rodata._ZTSSt9exception
                0x08011090        0xd /home/gfudge/gcc-arm-none-eabi-5_2-2015q4/bin/../lib/gcc/arm-none-eabi/5.2.1/../../../../arm-none-eabi/lib/armv7e-m/fpu/libstdc++.a(eh_exception.o)
                0x08011090                typeinfo name for std::exception
 *fill*         0x0801109d        0x3 
 .rodata._ZTSSt13bad_exception
                0x080110a0       0x12 /home/gfudge/gcc-arm-none-eabi-5_2-2015q4/bin/../lib/gcc/arm-none-eabi/5.2.1/../../../../arm-none-eabi/lib/armv7e-m/fpu/libstdc++.a(eh_exception.o)
                0x080110a0                typeinfo name for std::bad_exception
 *fill*         0x080110b2        0x2 
 .rodata._ZTISt13bad_exception
                0x080110b4        0xc /home/gfudge/gcc-arm-none-eabi-5_2-2015q4/bin/../lib/gcc/arm-none-eabi/5.2.1/../../../../arm-none-eabi/lib/armv7e-m/fpu/libstdc++.a(eh_exception.o)
                0x080110b4                typeinfo for std::bad_exception
 .rodata._ZTVN10__cxxabiv117__class_type_infoE
                0x080110c0       0x2c /home/gfudge/gcc-arm-none-eabi-5_2-2015q4/bin/../lib/gcc/arm-none-eabi/5.2.1/../../../../arm-none-eabi/lib/armv7e-m/fpu/libstdc++.a(class_type_info.o)
                0x080110c0                vtable for __cxxabiv1::__class_type_info
 .rodata._ZTIN10__cxxabiv117__class_type_infoE
                0x080110ec        0xc /home/gfudge/gcc-arm-none-eabi-5_2-2015q4/bin/../lib/gcc/arm-none-eabi/5.2.1/../../../../arm-none-eabi/lib/armv7e-m/fpu/libstdc++.a(class_type_info.o)
                0x080110ec                typeinfo for __cxxabiv1::__class_type_info
 .rodata._ZTSN10__cxxabiv117__class_type_infoE
                0x080110f8       0x22 /home/gfudge/gcc-arm-none-eabi-5_2-2015q4/bin/../lib/gcc/arm-none-eabi/5.2.1/../../../../arm-none-eabi/lib/armv7e-m/fpu/libstdc++.a(class_type_info.o)
                0x080110f8                typeinfo name for __cxxabiv1::__class_type_info
 *fill*         0x0801111a        0x2 
 .rodata._ZTVN10__cxxabiv120__si_class_type_infoE
                0x0801111c       0x2c /home/gfudge/gcc-arm-none-eabi-5_2-2015q4/bin/../lib/gcc/arm-none-eabi/5.2.1/../../../../arm-none-eabi/lib/armv7e-m/fpu/libstdc++.a(si_class_type_info.o)
                0x0801111c                vtable for __cxxabiv1::__si_class_type_info
 .rodata._ZTIN10__cxxabiv120__si_class_type_infoE
                0x08011148        0xc /home/gfudge/gcc-arm-none-eabi-5_2-2015q4/bin/../lib/gcc/arm-none-eabi/5.2.1/../../../../arm-none-eabi/lib/armv7e-m/fpu/libstdc++.a(si_class_type_info.o)
                0x08011148                typeinfo for __cxxabiv1::__si_class_type_info
 .rodata._ZTSN10__cxxabiv120__si_class_type_infoE
                0x08011154       0x25 /home/gfudge/gcc-arm-none-eabi-5_2-2015q4/bin/../lib/gcc/arm-none-eabi/5.2.1/../../../../arm-none-eabi/lib/armv7e-m/fpu/libstdc++.a(si_class_type_info.o)
                0x08011154                typeinfo name for __cxxabiv1::__si_class_type_info
 *fill*         0x08011179        0x3 
 .rodata._ZTISt9type_info
                0x0801117c        0x8 /home/gfudge/gcc-arm-none-eabi-5_2-2015q4/bin/../lib/gcc/arm-none-eabi/5.2.1/../../../../arm-none-eabi/lib/armv7e-m/fpu/libstdc++.a(tinfo.o)
                0x0801117c                typeinfo for std::type_info
 .rodata._ZTSSt9type_info
                0x08011184        0xd /home/gfudge/gcc-arm-none-eabi-5_2-2015q4/bin/../lib/gcc/arm-none-eabi/5.2.1/../../../../arm-none-eabi/lib/armv7e-m/fpu/libstdc++.a(tinfo.o)
                0x08011184                typeinfo name for std::type_info
 *fill*         0x08011191        0x3 
 .rodata.str1.4
                0x08011194       0x94 /home/gfudge/gcc-arm-none-eabi-5_2-2015q4/bin/../lib/gcc/arm-none-eabi/5.2.1/../../../../arm-none-eabi/lib/armv7e-m/fpu/libstdc++.a(vterminate.o)
 .rodata.str1.4
                0x08011228      0x7f2 /home/gfudge/gcc-arm-none-eabi-5_2-2015q4/bin/../lib/gcc/arm-none-eabi/5.2.1/../../../../arm-none-eabi/lib/armv7e-m/fpu/libstdc++.a(cp-demangle.o)
                                0x83e (size before relaxing)
 *fill*         0x08011a1a        0x2 
 .rodata.str1.4
                0x08011a1c        0x2 /home/gfudge/gcc-arm-none-eabi-5_2-2015q4/bin/../lib/gcc/arm-none-eabi/5.2.1/../../../../arm-none-eabi/lib/armv7e-m/fpu/libc.a(lib_a-impure.o)
 *fill*         0x08011a1e        0x2 
 .rodata._global_impure_ptr
                0x08011a20        0x4 /home/gfudge/gcc-arm-none-eabi-5_2-2015q4/bin/../lib/gcc/arm-none-eabi/5.2.1/../../../../arm-none-eabi/lib/armv7e-m/fpu/libc.a(lib_a-impure.o)
                0x08011a20                _global_impure_ptr
 .rodata.blanks.7009
                0x08011a24       0x10 /home/gfudge/gcc-arm-none-eabi-5_2-2015q4/bin/../lib/gcc/arm-none-eabi/5.2.1/../../../../arm-none-eabi/lib/armv7e-m/fpu/libc.a(lib_a-svfprintf.o)
 .rodata.str1.4
                0x08011a34       0x42 /home/gfudge/gcc-arm-none-eabi-5_2-2015q4/bin/../lib/gcc/arm-none-eabi/5.2.1/../../../../arm-none-eabi/lib/armv7e-m/fpu/libc.a(lib_a-svfprintf.o)
 *fill*         0x08011a76        0x2 
 .rodata.zeroes.7010
                0x08011a78       0x10 /home/gfudge/gcc-arm-none-eabi-5_2-2015q4/bin/../lib/gcc/arm-none-eabi/5.2.1/../../../../arm-none-eabi/lib/armv7e-m/fpu/libc.a(lib_a-svfprintf.o)
 .rodata.str1.4
                0x08011a88       0x10 /home/gfudge/gcc-arm-none-eabi-5_2-2015q4/bin/../lib/gcc/arm-none-eabi/5.2.1/../../../../arm-none-eabi/lib/armv7e-m/fpu/libc.a(lib_a-dtoa.o)
                                 0x12 (size before relaxing)
 .rodata.str1.4
                0x08011a98        0x8 /home/gfudge/gcc-arm-none-eabi-5_2-2015q4/bin/../lib/gcc/arm-none-eabi/5.2.1/../../../../arm-none-eabi/lib/armv7e-m/fpu/libc.a(lib_a-locale.o)
                                 0x12 (size before relaxing)
 .rodata.p05.5404
                0x08011aa0        0xc /home/gfudge/gcc-arm-none-eabi-5_2-2015q4/bin/../lib/gcc/arm-none-eabi/5.2.1/../../../../arm-none-eabi/lib/armv7e-m/fpu/libc.a(lib_a-mprec.o)
 *fill*         0x08011aac        0x4 
 .rodata.__mprec_tens
                0x08011ab0       0xc8 /home/gfudge/gcc-arm-none-eabi-5_2-2015q4/bin/../lib/gcc/arm-none-eabi/5.2.1/../../../../arm-none-eabi/lib/armv7e-m/fpu/libc.a(lib_a-mprec.o)
                0x08011ab0                __mprec_tens
 .rodata.__mprec_bigtens
                0x08011b78       0x28 /home/gfudge/gcc-arm-none-eabi-5_2-2015q4/bin/../lib/gcc/arm-none-eabi/5.2.1/../../../../arm-none-eabi/lib/armv7e-m/fpu/libc.a(lib_a-mprec.o)
                0x08011b78                __mprec_bigtens
 *(.glue_7)
 .glue_7        0x08011ba0        0x0 linker stubs
 *(.glue_7t)
 .glue_7t       0x08011ba0        0x0 linker stubs
 *(.eh_frame)
 .eh_frame      0x08011ba0        0x0 /home/gfudge/gcc-arm-none-eabi-5_2-2015q4/bin/../lib/gcc/arm-none-eabi/5.2.1/armv7e-m/fpu/crtbegin.o
 *(.init)
 .init          0x08011ba0        0x4 /home/gfudge/gcc-arm-none-eabi-5_2-2015q4/bin/../lib/gcc/arm-none-eabi/5.2.1/armv7e-m/fpu/crti.o
                0x08011ba0                _init
 .init          0x08011ba4        0x8 /home/gfudge/gcc-arm-none-eabi-5_2-2015q4/bin/../lib/gcc/arm-none-eabi/5.2.1/armv7e-m/fpu/crtn.o
 *(.fini)
 .fini          0x08011bac        0x4 /home/gfudge/gcc-arm-none-eabi-5_2-2015q4/bin/../lib/gcc/arm-none-eabi/5.2.1/armv7e-m/fpu/crti.o
                0x08011bac                _fini
 .fini          0x08011bb0        0x8 /home/gfudge/gcc-arm-none-eabi-5_2-2015q4/bin/../lib/gcc/arm-none-eabi/5.2.1/armv7e-m/fpu/crtn.o
                0x08011bb8                . = ALIGN (0x4)
                0x08011bb8                _etext = .

.vfp11_veneer   0x08011bb8        0x0
 .vfp11_veneer  0x08011bb8        0x0 linker stubs

.v4_bx          0x08011bb8        0x0
 .v4_bx         0x08011bb8        0x0 linker stubs

.iplt           0x08011bb8        0x0
 .iplt          0x08011bb8        0x0 /home/gfudge/gcc-arm-none-eabi-5_2-2015q4/bin/../lib/gcc/arm-none-eabi/5.2.1/armv7e-m/fpu/crtbegin.o

.ARM.extab      0x08011bb8      0x108
 *(.ARM.extab* .gnu.linkonce.armextab.*)
 .ARM.extab.text._ZN10__cxxabiv111__terminateEPFvvE
                0x08011bb8       0x2c /home/gfudge/gcc-arm-none-eabi-5_2-2015q4/bin/../lib/gcc/arm-none-eabi/5.2.1/../../../../arm-none-eabi/lib/armv7e-m/fpu/libstdc++.a(eh_terminate.o)
 .ARM.extab.text._ZN10__cxxabiv112__unexpectedEPFvvE
                0x08011be4        0xc /home/gfudge/gcc-arm-none-eabi-5_2-2015q4/bin/../lib/gcc/arm-none-eabi/5.2.1/../../../../arm-none-eabi/lib/armv7e-m/fpu/libstdc++.a(eh_terminate.o)
 .ARM.extab.text._ZSt10unexpectedv
                0x08011bf0        0xc /home/gfudge/gcc-arm-none-eabi-5_2-2015q4/bin/../lib/gcc/arm-none-eabi/5.2.1/../../../../arm-none-eabi/lib/armv7e-m/fpu/libstdc++.a(eh_terminate.o)
 .ARM.extab.text.__cxa_call_unexpected
                0x08011bfc       0x28 /home/gfudge/gcc-arm-none-eabi-5_2-2015q4/bin/../lib/gcc/arm-none-eabi/5.2.1/../../../../arm-none-eabi/lib/armv7e-m/fpu/libstdc++.a(eh_call.o)
 .ARM.extab.text.__cxa_begin_catch
                0x08011c24       0x20 /home/gfudge/gcc-arm-none-eabi-5_2-2015q4/bin/../lib/gcc/arm-none-eabi/5.2.1/../../../../arm-none-eabi/lib/armv7e-m/fpu/libstdc++.a(eh_catch.o)
 .ARM.extab.text._ZL21base_of_encoded_valuehP15_Unwind_Context
                0x08011c44        0xc /home/gfudge/gcc-arm-none-eabi-5_2-2015q4/bin/../lib/gcc/arm-none-eabi/5.2.1/../../../../arm-none-eabi/lib/armv7e-m/fpu/libstdc++.a(eh_personality.o)
 .ARM.extab.text.__gxx_personality_v0
                0x08011c50       0x24 /home/gfudge/gcc-arm-none-eabi-5_2-2015q4/bin/../lib/gcc/arm-none-eabi/5.2.1/../../../../arm-none-eabi/lib/armv7e-m/fpu/libstdc++.a(eh_personality.o)
 .ARM.extab.text._ZN9__gnu_cxx27__verbose_terminate_handlerEv
                0x08011c74       0x34 /home/gfudge/gcc-arm-none-eabi-5_2-2015q4/bin/../lib/gcc/arm-none-eabi/5.2.1/../../../../arm-none-eabi/lib/armv7e-m/fpu/libstdc++.a(vterminate.o)
 .ARM.extab     0x08011ca8       0x18 /home/gfudge/gcc-arm-none-eabi-5_2-2015q4/bin/../lib/gcc/arm-none-eabi/5.2.1/armv7e-m/fpu/libgcc.a(pr-support.o)

.ARM            0x08011cc0      0x1c0
                0x08011cc0                __exidx_start = .
 *(.ARM.exidx*)
 .ARM.exidx.text._ZdlPvj
                0x08011d78        0x0 /home/gfudge/gcc-arm-none-eabi-5_2-2015q4/bin/../lib/gcc/arm-none-eabi/5.2.1/../../../../arm-none-eabi/lib/armv7e-m/fpu/libstdc++.a(del_ops.o)
                                  0x8 (size before relaxing)
 .ARM.exidx.text._Znwj
                0x08011d78        0x8 /home/gfudge/gcc-arm-none-eabi-5_2-2015q4/bin/../lib/gcc/arm-none-eabi/5.2.1/../../../../arm-none-eabi/lib/armv7e-m/fpu/libstdc++.a(new_op.o)
 .ARM.exidx.text._ZNKSt9bad_alloc4whatEv
                0x08011d80        0x8 /home/gfudge/gcc-arm-none-eabi-5_2-2015q4/bin/../lib/gcc/arm-none-eabi/5.2.1/../../../../arm-none-eabi/lib/armv7e-m/fpu/libstdc++.a(bad_alloc.o)
 .ARM.exidx.text._ZNSt9bad_allocD2Ev
                0x08011d88        0x0 /home/gfudge/gcc-arm-none-eabi-5_2-2015q4/bin/../lib/gcc/arm-none-eabi/5.2.1/../../../../arm-none-eabi/lib/armv7e-m/fpu/libstdc++.a(bad_alloc.o)
                                  0x8 (size before relaxing)
 .ARM.exidx.text._ZNSt9bad_allocD0Ev
                0x08011d88        0x0 /home/gfudge/gcc-arm-none-eabi-5_2-2015q4/bin/../lib/gcc/arm-none-eabi/5.2.1/../../../../arm-none-eabi/lib/armv7e-m/fpu/libstdc++.a(bad_alloc.o)
                                  0x8 (size before relaxing)
 .ARM.exidx.text._ZNSt9exceptionD2Ev
                0x08011d88        0x0 /home/gfudge/gcc-arm-none-eabi-5_2-2015q4/bin/../lib/gcc/arm-none-eabi/5.2.1/../../../../arm-none-eabi/lib/armv7e-m/fpu/libstdc++.a(eh_exception.o)
                                  0x8 (size before relaxing)
 .ARM.exidx.text._ZNSt13bad_exceptionD2Ev
                0x08011d88        0x0 /home/gfudge/gcc-arm-none-eabi-5_2-2015q4/bin/../lib/gcc/arm-none-eabi/5.2.1/../../../../arm-none-eabi/lib/armv7e-m/fpu/libstdc++.a(eh_exception.o)
                                  0x8 (size before relaxing)
 .ARM.exidx.text._ZNKSt13bad_exception4whatEv
                0x08011d88        0x0 /home/gfudge/gcc-arm-none-eabi-5_2-2015q4/bin/../lib/gcc/arm-none-eabi/5.2.1/../../../../arm-none-eabi/lib/armv7e-m/fpu/libstdc++.a(eh_exception.o)
                                  0x8 (size before relaxing)
 .ARM.exidx.text._ZNSt13bad_exceptionD0Ev
                0x08011d88        0x0 /home/gfudge/gcc-arm-none-eabi-5_2-2015q4/bin/../lib/gcc/arm-none-eabi/5.2.1/../../../../arm-none-eabi/lib/armv7e-m/fpu/libstdc++.a(eh_exception.o)
                                  0x8 (size before relaxing)
 .ARM.exidx.text._ZN12_GLOBAL__N_14pool4freeEPv.constprop.4
                0x08011d88        0x0 /home/gfudge/gcc-arm-none-eabi-5_2-2015q4/bin/../lib/gcc/arm-none-eabi/5.2.1/../../../../arm-none-eabi/lib/armv7e-m/fpu/libstdc++.a(eh_alloc.o)
                                  0x8 (size before relaxing)
 .ARM.exidx.text._ZN12_GLOBAL__N_14pool8allocateEj.constprop.5
                0x08011d88        0x0 /home/gfudge/gcc-arm-none-eabi-5_2-2015q4/bin/../lib/gcc/arm-none-eabi/5.2.1/../../../../arm-none-eabi/lib/armv7e-m/fpu/libstdc++.a(eh_alloc.o)
                                  0x8 (size before relaxing)
 .ARM.exidx.text.__cxa_allocate_exception
                0x08011d88        0x0 /home/gfudge/gcc-arm-none-eabi-5_2-2015q4/bin/../lib/gcc/arm-none-eabi/5.2.1/../../../../arm-none-eabi/lib/armv7e-m/fpu/libstdc++.a(eh_alloc.o)
                                  0x8 (size before relaxing)
 .ARM.exidx.text.__cxa_free_exception
                0x08011d88        0x0 /home/gfudge/gcc-arm-none-eabi-5_2-2015q4/bin/../lib/gcc/arm-none-eabi/5.2.1/../../../../arm-none-eabi/lib/armv7e-m/fpu/libstdc++.a(eh_alloc.o)
                                  0x8 (size before relaxing)
 .ARM.exidx.text.startup._GLOBAL__sub_I___cxa_allocate_exception
                0x08011d88        0x0 /home/gfudge/gcc-arm-none-eabi-5_2-2015q4/bin/../lib/gcc/arm-none-eabi/5.2.1/../../../../arm-none-eabi/lib/armv7e-m/fpu/libstdc++.a(eh_alloc.o)
                                  0x8 (size before relaxing)
 .ARM.exidx.text._ZNK10__cxxabiv117__class_type_info11__do_upcastEPKS0_PPv
                0x08011d88        0x8 /home/gfudge/gcc-arm-none-eabi-5_2-2015q4/bin/../lib/gcc/arm-none-eabi/5.2.1/../../../../arm-none-eabi/lib/armv7e-m/fpu/libstdc++.a(class_type_info.o)
 .ARM.exidx.text._ZNK10__cxxabiv117__class_type_info20__do_find_public_srcEiPKvPKS0_S2_
                0x08011d90        0x8 /home/gfudge/gcc-arm-none-eabi-5_2-2015q4/bin/../lib/gcc/arm-none-eabi/5.2.1/../../../../arm-none-eabi/lib/armv7e-m/fpu/libstdc++.a(class_type_info.o)
 .ARM.exidx.text._ZN10__cxxabiv117__class_type_infoD2Ev
                0x08011d98        0x8 /home/gfudge/gcc-arm-none-eabi-5_2-2015q4/bin/../lib/gcc/arm-none-eabi/5.2.1/../../../../arm-none-eabi/lib/armv7e-m/fpu/libstdc++.a(class_type_info.o)
 .ARM.exidx.text._ZN10__cxxabiv117__class_type_infoD0Ev
                0x08011da0        0x0 /home/gfudge/gcc-arm-none-eabi-5_2-2015q4/bin/../lib/gcc/arm-none-eabi/5.2.1/../../../../arm-none-eabi/lib/armv7e-m/fpu/libstdc++.a(class_type_info.o)
                                  0x8 (size before relaxing)
 .ARM.exidx.text._ZNK10__cxxabiv117__class_type_info11__do_upcastEPKS0_PKvRNS0_15__upcast_resultE
                0x08011da0        0x8 /home/gfudge/gcc-arm-none-eabi-5_2-2015q4/bin/../lib/gcc/arm-none-eabi/5.2.1/../../../../arm-none-eabi/lib/armv7e-m/fpu/libstdc++.a(class_type_info.o)
 .ARM.exidx.text._ZNK10__cxxabiv117__class_type_info12__do_dyncastEiNS0_10__sub_kindEPKS0_PKvS3_S5_RNS0_16__dyncast_resultE
                0x08011da8        0x8 /home/gfudge/gcc-arm-none-eabi-5_2-2015q4/bin/../lib/gcc/arm-none-eabi/5.2.1/../../../../arm-none-eabi/lib/armv7e-m/fpu/libstdc++.a(class_type_info.o)
 .ARM.exidx.text._ZNK10__cxxabiv117__class_type_info10__do_catchEPKSt9type_infoPPvj
                0x08011db0        0x8 /home/gfudge/gcc-arm-none-eabi-5_2-2015q4/bin/../lib/gcc/arm-none-eabi/5.2.1/../../../../arm-none-eabi/lib/armv7e-m/fpu/libstdc++.a(class_type_info.o)
 .ARM.exidx.text._ZSt15get_new_handlerv
                0x08011db8        0x8 /home/gfudge/gcc-arm-none-eabi-5_2-2015q4/bin/../lib/gcc/arm-none-eabi/5.2.1/../../../../arm-none-eabi/lib/armv7e-m/fpu/libstdc++.a(new_handler.o)
 .ARM.exidx.text._ZdlPv
                0x08011dc0        0x0 /home/gfudge/gcc-arm-none-eabi-5_2-2015q4/bin/../lib/gcc/arm-none-eabi/5.2.1/../../../../arm-none-eabi/lib/armv7e-m/fpu/libstdc++.a(del_op.o)
                                  0x8 (size before relaxing)
 .ARM.exidx.text._ZN10__cxxabiv120__si_class_type_infoD2Ev
                0x08011dc0        0x8 /home/gfudge/gcc-arm-none-eabi-5_2-2015q4/bin/../lib/gcc/arm-none-eabi/5.2.1/../../../../arm-none-eabi/lib/armv7e-m/fpu/libstdc++.a(si_class_type_info.o)
 .ARM.exidx.text._ZN10__cxxabiv120__si_class_type_infoD0Ev
                0x08011dc8        0x0 /home/gfudge/gcc-arm-none-eabi-5_2-2015q4/bin/../lib/gcc/arm-none-eabi/5.2.1/../../../../arm-none-eabi/lib/armv7e-m/fpu/libstdc++.a(si_class_type_info.o)
                                  0x8 (size before relaxing)
 .ARM.exidx.text._ZNK10__cxxabiv120__si_class_type_info12__do_dyncastEiNS_17__class_type_info10__sub_kindEPKS1_PKvS4_S6_RNS1_16__dyncast_resultE
                0x08011dc8        0x8 /home/gfudge/gcc-arm-none-eabi-5_2-2015q4/bin/../lib/gcc/arm-none-eabi/5.2.1/../../../../arm-none-eabi/lib/armv7e-m/fpu/libstdc++.a(si_class_type_info.o)
 .ARM.exidx.text._ZNK10__cxxabiv120__si_class_type_info20__do_find_public_srcEiPKvPKNS_17__class_type_infoES2_
                0x08011dd0        0x8 /home/gfudge/gcc-arm-none-eabi-5_2-2015q4/bin/../lib/gcc/arm-none-eabi/5.2.1/../../../../arm-none-eabi/lib/armv7e-m/fpu/libstdc++.a(si_class_type_info.o)
 .ARM.exidx.text._ZNK10__cxxabiv120__si_class_type_info11__do_upcastEPKNS_17__class_type_infoEPKvRNS1_15__upcast_resultE
                0x08011dd8        0x8 /home/gfudge/gcc-arm-none-eabi-5_2-2015q4/bin/../lib/gcc/arm-none-eabi/5.2.1/../../../../arm-none-eabi/lib/armv7e-m/fpu/libstdc++.a(si_class_type_info.o)
 .ARM.exidx.text._ZL23__gxx_exception_cleanup19_Unwind_Reason_CodeP21_Unwind_Control_Block
                0x08011de0        0x8 /home/gfudge/gcc-arm-none-eabi-5_2-2015q4/bin/../lib/gcc/arm-none-eabi/5.2.1/../../../../arm-none-eabi/lib/armv7e-m/fpu/libstdc++.a(eh_throw.o)
 .ARM.exidx.text.__cxa_throw
                0x08011de8        0x8 /home/gfudge/gcc-arm-none-eabi-5_2-2015q4/bin/../lib/gcc/arm-none-eabi/5.2.1/../../../../arm-none-eabi/lib/armv7e-m/fpu/libstdc++.a(eh_throw.o)
 .ARM.exidx.text.__cxa_rethrow
                0x08011df0        0x8 /home/gfudge/gcc-arm-none-eabi-5_2-2015q4/bin/../lib/gcc/arm-none-eabi/5.2.1/../../../../arm-none-eabi/lib/armv7e-m/fpu/libstdc++.a(eh_throw.o)
 .ARM.exidx.text.__cxa_get_globals_fast
                0x08011df8        0x8 /home/gfudge/gcc-arm-none-eabi-5_2-2015q4/bin/../lib/gcc/arm-none-eabi/5.2.1/../../../../arm-none-eabi/lib/armv7e-m/fpu/libstdc++.a(eh_globals.o)
 .ARM.exidx.text.__cxa_get_globals
                0x08011e00        0x0 /home/gfudge/gcc-arm-none-eabi-5_2-2015q4/bin/../lib/gcc/arm-none-eabi/5.2.1/../../../../arm-none-eabi/lib/armv7e-m/fpu/libstdc++.a(eh_globals.o)
                                  0x8 (size before relaxing)
 .ARM.exidx.text._ZN10__cxxabiv111__terminateEPFvvE
                0x08011e00        0x8 /home/gfudge/gcc-arm-none-eabi-5_2-2015q4/bin/../lib/gcc/arm-none-eabi/5.2.1/../../../../arm-none-eabi/lib/armv7e-m/fpu/libstdc++.a(eh_terminate.o)
 .ARM.exidx.text._ZSt9terminatev
                0x08011e08        0x8 /home/gfudge/gcc-arm-none-eabi-5_2-2015q4/bin/../lib/gcc/arm-none-eabi/5.2.1/../../../../arm-none-eabi/lib/armv7e-m/fpu/libstdc++.a(eh_terminate.o)
 .ARM.exidx.text._ZN10__cxxabiv112__unexpectedEPFvvE
                0x08011e10        0x8 /home/gfudge/gcc-arm-none-eabi-5_2-2015q4/bin/../lib/gcc/arm-none-eabi/5.2.1/../../../../arm-none-eabi/lib/armv7e-m/fpu/libstdc++.a(eh_terminate.o)
 .ARM.exidx.text._ZSt10unexpectedv
                0x08011e18        0x8 /home/gfudge/gcc-arm-none-eabi-5_2-2015q4/bin/../lib/gcc/arm-none-eabi/5.2.1/../../../../arm-none-eabi/lib/armv7e-m/fpu/libstdc++.a(eh_terminate.o)
 .ARM.exidx.text._ZSt13get_terminatev
                0x08011e20        0x8 /home/gfudge/gcc-arm-none-eabi-5_2-2015q4/bin/../lib/gcc/arm-none-eabi/5.2.1/../../../../arm-none-eabi/lib/armv7e-m/fpu/libstdc++.a(eh_terminate.o)
 .ARM.exidx.text._ZSt14get_unexpectedv
                0x08011e28        0x0 /home/gfudge/gcc-arm-none-eabi-5_2-2015q4/bin/../lib/gcc/arm-none-eabi/5.2.1/../../../../arm-none-eabi/lib/armv7e-m/fpu/libstdc++.a(eh_terminate.o)
                                  0x8 (size before relaxing)
 .ARM.exidx.text._ZNSt9type_infoD2Ev
                0x08011e28        0x0 /home/gfudge/gcc-arm-none-eabi-5_2-2015q4/bin/../lib/gcc/arm-none-eabi/5.2.1/../../../../arm-none-eabi/lib/armv7e-m/fpu/libstdc++.a(tinfo.o)
                                  0x8 (size before relaxing)
 .ARM.exidx.text._ZNKSt9type_info15__is_function_pEv
                0x08011e28        0x0 /home/gfudge/gcc-arm-none-eabi-5_2-2015q4/bin/../lib/gcc/arm-none-eabi/5.2.1/../../../../arm-none-eabi/lib/armv7e-m/fpu/libstdc++.a(tinfo.o)
                                  0x8 (size before relaxing)
 .ARM.exidx.text._ZNKSt9type_infoeqERKS_
                0x08011e28        0x0 /home/gfudge/gcc-arm-none-eabi-5_2-2015q4/bin/../lib/gcc/arm-none-eabi/5.2.1/../../../../arm-none-eabi/lib/armv7e-m/fpu/libstdc++.a(tinfo.o)
                                  0x8 (size before relaxing)
 .ARM.exidx.text.__cxa_type_match
                0x08011e28        0x8 /home/gfudge/gcc-arm-none-eabi-5_2-2015q4/bin/../lib/gcc/arm-none-eabi/5.2.1/../../../../arm-none-eabi/lib/armv7e-m/fpu/libstdc++.a(eh_arm.o)
 .ARM.exidx.text.__cxa_begin_cleanup
                0x08011e30        0x8 /home/gfudge/gcc-arm-none-eabi-5_2-2015q4/bin/../lib/gcc/arm-none-eabi/5.2.1/../../../../arm-none-eabi/lib/armv7e-m/fpu/libstdc++.a(eh_arm.o)
 .ARM.exidx.text.__gnu_end_cleanup
                0x08011e38        0x0 /home/gfudge/gcc-arm-none-eabi-5_2-2015q4/bin/../lib/gcc/arm-none-eabi/5.2.1/../../../../arm-none-eabi/lib/armv7e-m/fpu/libstdc++.a(eh_arm.o)
                                  0x8 (size before relaxing)
 .ARM.exidx.text._ZN10__cxxabiv1L24__is_gxx_exception_classEPc
                0x08011e38        0x0 /home/gfudge/gcc-arm-none-eabi-5_2-2015q4/bin/../lib/gcc/arm-none-eabi/5.2.1/../../../../arm-none-eabi/lib/armv7e-m/fpu/libstdc++.a(eh_call.o)
                                  0x8 (size before relaxing)
 .ARM.exidx.text.__cxa_call_terminate
                0x08011e38        0x0 /home/gfudge/gcc-arm-none-eabi-5_2-2015q4/bin/../lib/gcc/arm-none-eabi/5.2.1/../../../../arm-none-eabi/lib/armv7e-m/fpu/libstdc++.a(eh_call.o)
                                  0x8 (size before relaxing)
 .ARM.exidx.text.__cxa_call_unexpected
                0x08011e38        0x8 /home/gfudge/gcc-arm-none-eabi-5_2-2015q4/bin/../lib/gcc/arm-none-eabi/5.2.1/../../../../arm-none-eabi/lib/armv7e-m/fpu/libstdc++.a(eh_call.o)
 .ARM.exidx.text.__cxa_begin_catch
                0x08011e40        0x8 /home/gfudge/gcc-arm-none-eabi-5_2-2015q4/bin/../lib/gcc/arm-none-eabi/5.2.1/../../../../arm-none-eabi/lib/armv7e-m/fpu/libstdc++.a(eh_catch.o)
 .ARM.exidx.text.__cxa_end_catch
                0x08011e48        0x8 /home/gfudge/gcc-arm-none-eabi-5_2-2015q4/bin/../lib/gcc/arm-none-eabi/5.2.1/../../../../arm-none-eabi/lib/armv7e-m/fpu/libstdc++.a(eh_catch.o)
 .ARM.exidx.text._ZL28read_encoded_value_with_basehjPKhPj
                0x08011e50        0x8 /home/gfudge/gcc-arm-none-eabi-5_2-2015q4/bin/../lib/gcc/arm-none-eabi/5.2.1/../../../../arm-none-eabi/lib/armv7e-m/fpu/libstdc++.a(eh_personality.o)
 .ARM.exidx.text._ZL21base_of_encoded_valuehP15_Unwind_Context
                0x08011e58        0x8 /home/gfudge/gcc-arm-none-eabi-5_2-2015q4/bin/../lib/gcc/arm-none-eabi/5.2.1/../../../../arm-none-eabi/lib/armv7e-m/fpu/libstdc++.a(eh_personality.o)
 .ARM.exidx.text._ZL17parse_lsda_headerP15_Unwind_ContextPKhP16lsda_header_info
                0x08011e60        0x8 /home/gfudge/gcc-arm-none-eabi-5_2-2015q4/bin/../lib/gcc/arm-none-eabi/5.2.1/../../../../arm-none-eabi/lib/armv7e-m/fpu/libstdc++.a(eh_personality.o)
 .ARM.exidx.text.__gxx_personality_v0
                0x08011e68        0x8 /home/gfudge/gcc-arm-none-eabi-5_2-2015q4/bin/../lib/gcc/arm-none-eabi/5.2.1/../../../../arm-none-eabi/lib/armv7e-m/fpu/libstdc++.a(eh_personality.o)
 .ARM.exidx.text._ZN9__gnu_cxx27__verbose_terminate_handlerEv
                0x08011e70        0x8 /home/gfudge/gcc-arm-none-eabi-5_2-2015q4/bin/../lib/gcc/arm-none-eabi/5.2.1/../../../../arm-none-eabi/lib/armv7e-m/fpu/libstdc++.a(vterminate.o)
 .ARM.exidx.text.__cxa_current_exception_type
                0x08011e78        0x8 /home/gfudge/gcc-arm-none-eabi-5_2-2015q4/bin/../lib/gcc/arm-none-eabi/5.2.1/../../../../arm-none-eabi/lib/armv7e-m/fpu/libstdc++.a(eh_type.o)
 .ARM.exidx     0x08011cc0        0x8 /home/gfudge/gcc-arm-none-eabi-5_2-2015q4/bin/../lib/gcc/arm-none-eabi/5.2.1/armv7e-m/fpu/libgcc.a(_udivmoddi4.o)
 .ARM.exidx     0x08011cc8       0x78 /home/gfudge/gcc-arm-none-eabi-5_2-2015q4/bin/../lib/gcc/arm-none-eabi/5.2.1/armv7e-m/fpu/libgcc.a(unwind-arm.o)
                                 0xd8 (size before relaxing)
 .ARM.exidx     0x08011d40       0x38 /home/gfudge/gcc-arm-none-eabi-5_2-2015q4/bin/../lib/gcc/arm-none-eabi/5.2.1/armv7e-m/fpu/libgcc.a(pr-support.o)
                                 0x48 (size before relaxing)
                0x08011e80                __exidx_end = .

.rel.dyn        0x08011e80        0x0
 .rel.iplt      0x08011e80        0x0 /home/gfudge/gcc-arm-none-eabi-5_2-2015q4/bin/../lib/gcc/arm-none-eabi/5.2.1/armv7e-m/fpu/crtbegin.o

.preinit_array  0x08011e80        0x0
                0x08011e80                PROVIDE (__preinit_array_start, .)
 *(.preinit_array*)
                0x08011e80                PROVIDE (__preinit_array_end, .)

.init_array     0x08011e80        0xc
                0x08011e80                PROVIDE (__init_array_start, .)
 *(SORT(.init_array.*))
 .init_array.00000
                0x08011e80        0x4 /home/gfudge/gcc-arm-none-eabi-5_2-2015q4/bin/../lib/gcc/arm-none-eabi/5.2.1/../../../../arm-none-eabi/lib/armv7e-m/fpu/libc.a(lib_a-__call_atexit.o)
 *(.init_array*)
 .init_array    0x08011e84        0x4 /home/gfudge/gcc-arm-none-eabi-5_2-2015q4/bin/../lib/gcc/arm-none-eabi/5.2.1/armv7e-m/fpu/crtbegin.o
 .init_array    0x08011e88        0x4 /home/gfudge/gcc-arm-none-eabi-5_2-2015q4/bin/../lib/gcc/arm-none-eabi/5.2.1/../../../../arm-none-eabi/lib/armv7e-m/fpu/libstdc++.a(eh_alloc.o)
                0x08011e8c                PROVIDE (__init_array_end, .)

.fini_array     0x08011e8c        0x4
                0x08011e8c                PROVIDE (__fini_array_start, .)
 *(SORT(.fini_array.*))
 *(.fini_array*)
 .fini_array    0x08011e8c        0x4 /home/gfudge/gcc-arm-none-eabi-5_2-2015q4/bin/../lib/gcc/arm-none-eabi/5.2.1/armv7e-m/fpu/crtbegin.o
                0x08011e90                PROVIDE (__fini_array_end, .)
                0x08011e90                _sidata = LOADADDR (.data)

.data           0x20000000      0x8b4 load address 0x08011e90
                0x20000000                . = ALIGN (0x4)
                0x20000000                _sdata = .
 *(.data)
 *(.data*)
 .data.GPIO_PORT
                0x20000000       0x20 src/stm32f3_discovery.o
                0x20000000                GPIO_PORT
 .data.AHBPrescTable
                0x20000020       0x10 src/system_stm32f30x.o
                0x20000020                AHBPrescTable
 .data.SystemCoreClock
                0x20000030        0x4 src/system_stm32f30x.o
                0x20000030                SystemCoreClock
 .data._ZN10__cxxabiv119__terminate_handlerE
                0x20000034        0x4 /home/gfudge/gcc-arm-none-eabi-5_2-2015q4/bin/../lib/gcc/arm-none-eabi/5.2.1/../../../../arm-none-eabi/lib/armv7e-m/fpu/libstdc++.a(eh_term_handler.o)
                0x20000034                __cxxabiv1::__terminate_handler
 .data._ZN10__cxxabiv120__unexpected_handlerE
                0x20000038        0x4 /home/gfudge/gcc-arm-none-eabi-5_2-2015q4/bin/../lib/gcc/arm-none-eabi/5.2.1/../../../../arm-none-eabi/lib/armv7e-m/fpu/libstdc++.a(eh_unex_handler.o)
                0x20000038                __cxxabiv1::__unexpected_handler
 *fill*         0x2000003c        0x4 
 .data.impure_data